[0.016s] Invoking command in '/home/ubuntu/ws/src/build/custom_message': CMAKE_PREFIX_PATH=${CMAKE_PREFIX_PATH}:/home/ubuntu/ws/src/install/assignment2_rt:/opt/ros/jazzy /usr/bin/cmake --build /home/ubuntu/ws/src/build/custom_message -- -j22 -l22
[0.058s] [  1%] Built target custom_message__rosidl_generator_type_description
[0.070s] [  1%] Built target ament_cmake_python_copy_custom_message
[0.081s] [  3%] Built target custom_message__cpp
[0.082s] [ 25%] Built target custom_message__rosidl_generator_c
[0.110s] [ 40%] Built target custom_message__rosidl_typesupport_introspection_c
[0.110s] [ 64%] Built target custom_message__rosidl_typesupport_fastrtps_cpp
[0.110s] [ 70%] Built target custom_message__rosidl_typesupport_introspection_cpp
[0.110s] [ 71%] Built target custom_message__rosidl_typesupport_c
[0.110s] [ 71%] Built target custom_message__rosidl_typesupport_cpp
[0.110s] [ 81%] Built target custom_message__rosidl_typesupport_fastrtps_c
[0.131s] [ 81%] Built target custom_message
[0.149s] [ 82%] Built target custom_message__py
[0.169s] [ 90%] Built target custom_message__rosidl_generator_py
[0.190s] [100%] Built target custom_message_s__rosidl_typesupport_c
[0.190s] [100%] Built target custom_message_s__rosidl_typesupport_fastrtps_c
[0.190s] [100%] Built target custom_message_s__rosidl_typesupport_introspection_c
[0.221s] running egg_info
[0.231s] writing custom_message.egg-info/PKG-INFO
[0.231s] writing dependency_links to custom_message.egg-info/dependency_links.txt
[0.231s] writing top-level names to custom_message.egg-info/top_level.txt
[0.259s] reading manifest file 'custom_message.egg-info/SOURCES.txt'
[0.260s] writing manifest file 'custom_message.egg-info/SOURCES.txt'
[0.281s] [100%] Built target ament_cmake_python_build_custom_message_egg
[0.290s] Invoked command in '/home/ubuntu/ws/src/build/custom_message' returned '0': CMAKE_PREFIX_PATH=${CMAKE_PREFIX_PATH}:/home/ubuntu/ws/src/install/assignment2_rt:/opt/ros/jazzy /usr/bin/cmake --build /home/ubuntu/ws/src/build/custom_message -- -j22 -l22
[0.291s] Invoking command in '/home/ubuntu/ws/src/build/custom_message': CMAKE_PREFIX_PATH=${CMAKE_PREFIX_PATH}:/home/ubuntu/ws/src/install/assignment2_rt:/opt/ros/jazzy /usr/bin/cmake --install /home/ubuntu/ws/src/build/custom_message
[0.298s] -- Install configuration: ""
[0.298s] -- Up-to-date: /home/ubuntu/ws/src/install/custom_message/share/ament_index/resource_index/rosidl_interfaces/custom_message
[0.298s] -- Up-to-date: /home/ubuntu/ws/src/install/custom_message/share/custom_message/msg/Distance.json
[0.298s] -- Up-to-date: /home/ubuntu/ws/src/install/custom_message/share/custom_message/srv/Threshold.json
[0.298s] -- Up-to-date: /home/ubuntu/ws/src/install/custom_message/share/custom_message/srv/Average.json
[0.298s] -- Up-to-date: /home/ubuntu/ws/src/install/custom_message/share/custom_message/srv/FixPoint.json
[0.299s] -- Up-to-date: /home/ubuntu/ws/src/install/custom_message/include/custom_message/custom_message
[0.299s] -- Up-to-date: /home/ubuntu/ws/src/install/custom_message/include/custom_message/custom_message/srv
[0.299s] -- Up-to-date: /home/ubuntu/ws/src/install/custom_message/include/custom_message/custom_message/srv/detail
[0.299s] -- Up-to-date: /home/ubuntu/ws/src/install/custom_message/include/custom_message/custom_message/srv/detail/fix_point__description.c
[0.300s] -- Up-to-date: /home/ubuntu/ws/src/install/custom_message/include/custom_message/custom_message/srv/detail/threshold__type_support.c
[0.300s] -- Up-to-date: /home/ubuntu/ws/src/install/custom_message/include/custom_message/custom_message/srv/detail/average__type_support.c
[0.300s] -- Up-to-date: /home/ubuntu/ws/src/install/custom_message/include/custom_message/custom_message/srv/detail/average__struct.h
[0.300s] -- Up-to-date: /home/ubuntu/ws/src/install/custom_message/include/custom_message/custom_message/srv/detail/fix_point__functions.c
[0.300s] -- Up-to-date: /home/ubuntu/ws/src/install/custom_message/include/custom_message/custom_message/srv/detail/fix_point__type_support.c
[0.300s] -- Up-to-date: /home/ubuntu/ws/src/install/custom_message/include/custom_message/custom_message/srv/detail/threshold__type_support.h
[0.301s] -- Up-to-date: /home/ubuntu/ws/src/install/custom_message/include/custom_message/custom_message/srv/detail/average__description.c
[0.301s] -- Up-to-date: /home/ubuntu/ws/src/install/custom_message/include/custom_message/custom_message/srv/detail/threshold__struct.h
[0.301s] -- Up-to-date: /home/ubuntu/ws/src/install/custom_message/include/custom_message/custom_message/srv/detail/threshold__description.c
[0.301s] -- Up-to-date: /home/ubuntu/ws/src/install/custom_message/include/custom_message/custom_message/srv/detail/fix_point__type_support.h
[0.301s] -- Up-to-date: /home/ubuntu/ws/src/install/custom_message/include/custom_message/custom_message/srv/detail/average__functions.c
[0.301s] -- Up-to-date: /home/ubuntu/ws/src/install/custom_message/include/custom_message/custom_message/srv/detail/average__type_support.h
[0.301s] -- Up-to-date: /home/ubuntu/ws/src/install/custom_message/include/custom_message/custom_message/srv/detail/threshold__functions.h
[0.302s] -- Up-to-date: /home/ubuntu/ws/src/install/custom_message/include/custom_message/custom_message/srv/detail/threshold__functions.c
[0.302s] -- Up-to-date: /home/ubuntu/ws/src/install/custom_message/include/custom_message/custom_message/srv/detail/fix_point__functions.h
[0.302s] -- Up-to-date: /home/ubuntu/ws/src/install/custom_message/include/custom_message/custom_message/srv/detail/fix_point__struct.h
[0.302s] -- Up-to-date: /home/ubuntu/ws/src/install/custom_message/include/custom_message/custom_message/srv/detail/average__functions.h
[0.302s] -- Up-to-date: /home/ubuntu/ws/src/install/custom_message/include/custom_message/custom_message/srv/average.h
[0.302s] -- Up-to-date: /home/ubuntu/ws/src/install/custom_message/include/custom_message/custom_message/srv/threshold.h
[0.302s] -- Up-to-date: /home/ubuntu/ws/src/install/custom_message/include/custom_message/custom_message/srv/fix_point.h
[0.302s] -- Up-to-date: /home/ubuntu/ws/src/install/custom_message/include/custom_message/custom_message/msg
[0.303s] -- Up-to-date: /home/ubuntu/ws/src/install/custom_message/include/custom_message/custom_message/msg/detail
[0.303s] -- Up-to-date: /home/ubuntu/ws/src/install/custom_message/include/custom_message/custom_message/msg/detail/distance__functions.c
[0.303s] -- Up-to-date: /home/ubuntu/ws/src/install/custom_message/include/custom_message/custom_message/msg/detail/distance__functions.h
[0.303s] -- Up-to-date: /home/ubuntu/ws/src/install/custom_message/include/custom_message/custom_message/msg/detail/distance__type_support.c
[0.303s] -- Up-to-date: /home/ubuntu/ws/src/install/custom_message/include/custom_message/custom_message/msg/detail/distance__description.c
[0.303s] -- Up-to-date: /home/ubuntu/ws/src/install/custom_message/include/custom_message/custom_message/msg/detail/distance__type_support.h
[0.303s] -- Up-to-date: /home/ubuntu/ws/src/install/custom_message/include/custom_message/custom_message/msg/detail/distance__struct.h
[0.303s] -- Up-to-date: /home/ubuntu/ws/src/install/custom_message/include/custom_message/custom_message/msg/distance.h
[0.304s] -- Up-to-date: /home/ubuntu/ws/src/install/custom_message/include/custom_message/custom_message/msg/rosidl_generator_c__visibility_control.h
[0.304s] -- Up-to-date: /home/ubuntu/ws/src/install/custom_message/share/custom_message/environment/library_path.sh
[0.304s] -- Up-to-date: /home/ubuntu/ws/src/install/custom_message/share/custom_message/environment/library_path.dsv
[0.304s] -- Up-to-date: /home/ubuntu/ws/src/install/custom_message/lib/libcustom_message__rosidl_generator_c.so
[0.304s] -- Up-to-date: /home/ubuntu/ws/src/install/custom_message/include/custom_message/custom_message
[0.304s] -- Up-to-date: /home/ubuntu/ws/src/install/custom_message/include/custom_message/custom_message/srv
[0.304s] -- Up-to-date: /home/ubuntu/ws/src/install/custom_message/include/custom_message/custom_message/srv/detail
[0.304s] -- Up-to-date: /home/ubuntu/ws/src/install/custom_message/include/custom_message/custom_message/srv/detail/threshold__rosidl_typesupport_fastrtps_c.h
[0.305s] -- Up-to-date: /home/ubuntu/ws/src/install/custom_message/include/custom_message/custom_message/srv/detail/average__rosidl_typesupport_fastrtps_c.h
[0.305s] -- Up-to-date: /home/ubuntu/ws/src/install/custom_message/include/custom_message/custom_message/srv/detail/fix_point__rosidl_typesupport_fastrtps_c.h
[0.305s] -- Up-to-date: /home/ubuntu/ws/src/install/custom_message/include/custom_message/custom_message/msg
[0.305s] -- Up-to-date: /home/ubuntu/ws/src/install/custom_message/include/custom_message/custom_message/msg/detail
[0.305s] -- Up-to-date: /home/ubuntu/ws/src/install/custom_message/include/custom_message/custom_message/msg/detail/distance__rosidl_typesupport_fastrtps_c.h
[0.305s] -- Up-to-date: /home/ubuntu/ws/src/install/custom_message/include/custom_message/custom_message/msg/rosidl_typesupport_fastrtps_c__visibility_control.h
[0.305s] -- Up-to-date: /home/ubuntu/ws/src/install/custom_message/lib/libcustom_message__rosidl_typesupport_fastrtps_c.so
[0.305s] -- Up-to-date: /home/ubuntu/ws/src/install/custom_message/include/custom_message/custom_message
[0.305s] -- Up-to-date: /home/ubuntu/ws/src/install/custom_message/include/custom_message/custom_message/srv
[0.305s] -- Up-to-date: /home/ubuntu/ws/src/install/custom_message/include/custom_message/custom_message/srv/detail
[0.306s] -- Up-to-date: /home/ubuntu/ws/src/install/custom_message/include/custom_message/custom_message/srv/detail/threshold__type_support.c
[0.306s] -- Up-to-date: /home/ubuntu/ws/src/install/custom_message/include/custom_message/custom_message/srv/detail/average__rosidl_typesupport_introspection_c.h
[0.306s] -- Up-to-date: /home/ubuntu/ws/src/install/custom_message/include/custom_message/custom_message/srv/detail/average__type_support.c
[0.306s] -- Up-to-date: /home/ubuntu/ws/src/install/custom_message/include/custom_message/custom_message/srv/detail/fix_point__type_support.c
[0.306s] -- Up-to-date: /home/ubuntu/ws/src/install/custom_message/include/custom_message/custom_message/srv/detail/threshold__rosidl_typesupport_introspection_c.h
[0.306s] -- Up-to-date: /home/ubuntu/ws/src/install/custom_message/include/custom_message/custom_message/srv/detail/fix_point__rosidl_typesupport_introspection_c.h
[0.306s] -- Up-to-date: /home/ubuntu/ws/src/install/custom_message/include/custom_message/custom_message/msg
[0.306s] -- Up-to-date: /home/ubuntu/ws/src/install/custom_message/include/custom_message/custom_message/msg/rosidl_typesupport_introspection_c__visibility_control.h
[0.306s] -- Up-to-date: /home/ubuntu/ws/src/install/custom_message/include/custom_message/custom_message/msg/detail
[0.306s] -- Up-to-date: /home/ubuntu/ws/src/install/custom_message/include/custom_message/custom_message/msg/detail/distance__type_support.c
[0.306s] -- Up-to-date: /home/ubuntu/ws/src/install/custom_message/include/custom_message/custom_message/msg/detail/distance__rosidl_typesupport_introspection_c.h
[0.306s] -- Up-to-date: /home/ubuntu/ws/src/install/custom_message/lib/libcustom_message__rosidl_typesupport_introspection_c.so
[0.306s] -- Up-to-date: /home/ubuntu/ws/src/install/custom_message/lib/libcustom_message__rosidl_typesupport_c.so
[0.306s] -- Up-to-date: /home/ubuntu/ws/src/install/custom_message/include/custom_message/custom_message
[0.306s] -- Up-to-date: /home/ubuntu/ws/src/install/custom_message/include/custom_message/custom_message/srv
[0.306s] -- Up-to-date: /home/ubuntu/ws/src/install/custom_message/include/custom_message/custom_message/srv/threshold.hpp
[0.307s] -- Up-to-date: /home/ubuntu/ws/src/install/custom_message/include/custom_message/custom_message/srv/fix_point.hpp
[0.307s] -- Up-to-date: /home/ubuntu/ws/src/install/custom_message/include/custom_message/custom_message/srv/detail
[0.307s] -- Up-to-date: /home/ubuntu/ws/src/install/custom_message/include/custom_message/custom_message/srv/detail/threshold__type_support.hpp
[0.307s] -- Up-to-date: /home/ubuntu/ws/src/install/custom_message/include/custom_message/custom_message/srv/detail/fix_point__struct.hpp
[0.307s] -- Up-to-date: /home/ubuntu/ws/src/install/custom_message/include/custom_message/custom_message/srv/detail/threshold__struct.hpp
[0.307s] -- Up-to-date: /home/ubuntu/ws/src/install/custom_message/include/custom_message/custom_message/srv/detail/threshold__builder.hpp
[0.307s] -- Up-to-date: /home/ubuntu/ws/src/install/custom_message/include/custom_message/custom_message/srv/detail/fix_point__builder.hpp
[0.307s] -- Up-to-date: /home/ubuntu/ws/src/install/custom_message/include/custom_message/custom_message/srv/detail/threshold__traits.hpp
[0.307s] -- Up-to-date: /home/ubuntu/ws/src/install/custom_message/include/custom_message/custom_message/srv/detail/fix_point__type_support.hpp
[0.307s] -- Up-to-date: /home/ubuntu/ws/src/install/custom_message/include/custom_message/custom_message/srv/detail/average__type_support.hpp
[0.307s] -- Up-to-date: /home/ubuntu/ws/src/install/custom_message/include/custom_message/custom_message/srv/detail/average__struct.hpp
[0.307s] -- Up-to-date: /home/ubuntu/ws/src/install/custom_message/include/custom_message/custom_message/srv/detail/fix_point__traits.hpp
[0.307s] -- Up-to-date: /home/ubuntu/ws/src/install/custom_message/include/custom_message/custom_message/srv/detail/average__builder.hpp
[0.307s] -- Up-to-date: /home/ubuntu/ws/src/install/custom_message/include/custom_message/custom_message/srv/detail/average__traits.hpp
[0.307s] -- Up-to-date: /home/ubuntu/ws/src/install/custom_message/include/custom_message/custom_message/srv/average.hpp
[0.307s] -- Up-to-date: /home/ubuntu/ws/src/install/custom_message/include/custom_message/custom_message/msg
[0.307s] -- Up-to-date: /home/ubuntu/ws/src/install/custom_message/include/custom_message/custom_message/msg/rosidl_generator_cpp__visibility_control.hpp
[0.307s] -- Up-to-date: /home/ubuntu/ws/src/install/custom_message/include/custom_message/custom_message/msg/distance.hpp
[0.307s] -- Up-to-date: /home/ubuntu/ws/src/install/custom_message/include/custom_message/custom_message/msg/detail
[0.307s] -- Up-to-date: /home/ubuntu/ws/src/install/custom_message/include/custom_message/custom_message/msg/detail/distance__struct.hpp
[0.307s] -- Up-to-date: /home/ubuntu/ws/src/install/custom_message/include/custom_message/custom_message/msg/detail/distance__type_support.hpp
[0.307s] -- Up-to-date: /home/ubuntu/ws/src/install/custom_message/include/custom_message/custom_message/msg/detail/distance__builder.hpp
[0.307s] -- Up-to-date: /home/ubuntu/ws/src/install/custom_message/include/custom_message/custom_message/msg/detail/distance__traits.hpp
[0.307s] -- Up-to-date: /home/ubuntu/ws/src/install/custom_message/include/custom_message/custom_message
[0.308s] -- Up-to-date: /home/ubuntu/ws/src/install/custom_message/include/custom_message/custom_message/srv
[0.308s] -- Up-to-date: /home/ubuntu/ws/src/install/custom_message/include/custom_message/custom_message/srv/detail
[0.308s] -- Up-to-date: /home/ubuntu/ws/src/install/custom_message/include/custom_message/custom_message/srv/detail/dds_fastrtps
[0.308s] -- Up-to-date: /home/ubuntu/ws/src/install/custom_message/include/custom_message/custom_message/srv/detail/fix_point__rosidl_typesupport_fastrtps_cpp.hpp
[0.308s] -- Up-to-date: /home/ubuntu/ws/src/install/custom_message/include/custom_message/custom_message/srv/detail/threshold__rosidl_typesupport_fastrtps_cpp.hpp
[0.308s] -- Up-to-date: /home/ubuntu/ws/src/install/custom_message/include/custom_message/custom_message/srv/detail/average__rosidl_typesupport_fastrtps_cpp.hpp
[0.308s] -- Up-to-date: /home/ubuntu/ws/src/install/custom_message/include/custom_message/custom_message/msg
[0.308s] -- Up-to-date: /home/ubuntu/ws/src/install/custom_message/include/custom_message/custom_message/msg/detail
[0.308s] -- Up-to-date: /home/ubuntu/ws/src/install/custom_message/include/custom_message/custom_message/msg/detail/dds_fastrtps
[0.308s] -- Up-to-date: /home/ubuntu/ws/src/install/custom_message/include/custom_message/custom_message/msg/detail/distance__rosidl_typesupport_fastrtps_cpp.hpp
[0.308s] -- Up-to-date: /home/ubuntu/ws/src/install/custom_message/include/custom_message/custom_message/msg/rosidl_typesupport_fastrtps_cpp__visibility_control.h
[0.308s] -- Up-to-date: /home/ubuntu/ws/src/install/custom_message/lib/libcustom_message__rosidl_typesupport_fastrtps_cpp.so
[0.308s] -- Up-to-date: /home/ubuntu/ws/src/install/custom_message/include/custom_message/custom_message
[0.308s] -- Up-to-date: /home/ubuntu/ws/src/install/custom_message/include/custom_message/custom_message/srv
[0.308s] -- Up-to-date: /home/ubuntu/ws/src/install/custom_message/include/custom_message/custom_message/srv/detail
[0.308s] -- Up-to-date: /home/ubuntu/ws/src/install/custom_message/include/custom_message/custom_message/srv/detail/fix_point__rosidl_typesupport_introspection_cpp.hpp
[0.308s] -- Up-to-date: /home/ubuntu/ws/src/install/custom_message/include/custom_message/custom_message/srv/detail/threshold__rosidl_typesupport_introspection_cpp.hpp
[0.308s] -- Up-to-date: /home/ubuntu/ws/src/install/custom_message/include/custom_message/custom_message/srv/detail/threshold__type_support.cpp
[0.308s] -- Up-to-date: /home/ubuntu/ws/src/install/custom_message/include/custom_message/custom_message/srv/detail/average__type_support.cpp
[0.308s] -- Up-to-date: /home/ubuntu/ws/src/install/custom_message/include/custom_message/custom_message/srv/detail/fix_point__type_support.cpp
[0.308s] -- Up-to-date: /home/ubuntu/ws/src/install/custom_message/include/custom_message/custom_message/srv/detail/average__rosidl_typesupport_introspection_cpp.hpp
[0.308s] -- Up-to-date: /home/ubuntu/ws/src/install/custom_message/include/custom_message/custom_message/msg
[0.308s] -- Up-to-date: /home/ubuntu/ws/src/install/custom_message/include/custom_message/custom_message/msg/detail
[0.308s] -- Up-to-date: /home/ubuntu/ws/src/install/custom_message/include/custom_message/custom_message/msg/detail/distance__type_support.cpp
[0.308s] -- Up-to-date: /home/ubuntu/ws/src/install/custom_message/include/custom_message/custom_message/msg/detail/distance__rosidl_typesupport_introspection_cpp.hpp
[0.308s] -- Up-to-date: /home/ubuntu/ws/src/install/custom_message/lib/libcustom_message__rosidl_typesupport_introspection_cpp.so
[0.309s] -- Up-to-date: /home/ubuntu/ws/src/install/custom_message/lib/libcustom_message__rosidl_typesupport_cpp.so
[0.309s] -- Up-to-date: /home/ubuntu/ws/src/install/custom_message/share/custom_message/environment/pythonpath.sh
[0.309s] -- Up-to-date: /home/ubuntu/ws/src/install/custom_message/share/custom_message/environment/pythonpath.dsv
[0.309s] -- Up-to-date: /home/ubuntu/ws/src/install/custom_message/lib/python3.12/site-packages/custom_message-0.0.0-py3.12.egg-info
[0.309s] -- Installing: /home/ubuntu/ws/src/install/custom_message/lib/python3.12/site-packages/custom_message-0.0.0-py3.12.egg-info/PKG-INFO
[0.309s] -- Installing: /home/ubuntu/ws/src/install/custom_message/lib/python3.12/site-packages/custom_message-0.0.0-py3.12.egg-info/SOURCES.txt
[0.309s] -- Installing: /home/ubuntu/ws/src/install/custom_message/lib/python3.12/site-packages/custom_message-0.0.0-py3.12.egg-info/dependency_links.txt
[0.309s] -- Installing: /home/ubuntu/ws/src/install/custom_message/lib/python3.12/site-packages/custom_message-0.0.0-py3.12.egg-info/top_level.txt
[0.309s] -- Up-to-date: /home/ubuntu/ws/src/install/custom_message/lib/python3.12/site-packages/custom_message
[0.309s] -- Up-to-date: /home/ubuntu/ws/src/install/custom_message/lib/python3.12/site-packages/custom_message/_custom_message_s.ep.rosidl_typesupport_c.c
[0.309s] -- Up-to-date: /home/ubuntu/ws/src/install/custom_message/lib/python3.12/site-packages/custom_message/__init__.py
[0.309s] -- Up-to-date: /home/ubuntu/ws/src/install/custom_message/lib/python3.12/site-packages/custom_message/custom_message_s__rosidl_typesupport_c.so
[0.309s] -- Up-to-date: /home/ubuntu/ws/src/install/custom_message/lib/python3.12/site-packages/custom_message/srv
[0.309s] -- Up-to-date: /home/ubuntu/ws/src/install/custom_message/lib/python3.12/site-packages/custom_message/srv/_average.py
[0.309s] -- Up-to-date: /home/ubuntu/ws/src/install/custom_message/lib/python3.12/site-packages/custom_message/srv/_threshold.py
[0.309s] -- Up-to-date: /home/ubuntu/ws/src/install/custom_message/lib/python3.12/site-packages/custom_message/srv/_fix_point.py
[0.309s] -- Up-to-date: /home/ubuntu/ws/src/install/custom_message/lib/python3.12/site-packages/custom_message/srv/_threshold_s.c
[0.309s] -- Up-to-date: /home/ubuntu/ws/src/install/custom_message/lib/python3.12/site-packages/custom_message/srv/__init__.py
[0.309s] -- Up-to-date: /home/ubuntu/ws/src/install/custom_message/lib/python3.12/site-packages/custom_message/srv/_fix_point_s.c
[0.309s] -- Up-to-date: /home/ubuntu/ws/src/install/custom_message/lib/python3.12/site-packages/custom_message/srv/_average_s.c
[0.309s] -- Up-to-date: /home/ubuntu/ws/src/install/custom_message/lib/python3.12/site-packages/custom_message/_custom_message_s.ep.rosidl_typesupport_introspection_c.c
[0.309s] -- Up-to-date: /home/ubuntu/ws/src/install/custom_message/lib/python3.12/site-packages/custom_message/msg
[0.309s] -- Up-to-date: /home/ubuntu/ws/src/install/custom_message/lib/python3.12/site-packages/custom_message/msg/_distance_s.c
[0.309s] -- Up-to-date: /home/ubuntu/ws/src/install/custom_message/lib/python3.12/site-packages/custom_message/msg/_distance.py
[0.309s] -- Up-to-date: /home/ubuntu/ws/src/install/custom_message/lib/python3.12/site-packages/custom_message/msg/__init__.py
[0.309s] -- Up-to-date: /home/ubuntu/ws/src/install/custom_message/lib/python3.12/site-packages/custom_message/_custom_message_s.ep.rosidl_typesupport_fastrtps_c.c
[0.309s] -- Up-to-date: /home/ubuntu/ws/src/install/custom_message/lib/python3.12/site-packages/custom_message/custom_message_s__rosidl_typesupport_fastrtps_c.so
[0.309s] -- Up-to-date: /home/ubuntu/ws/src/install/custom_message/lib/python3.12/site-packages/custom_message/custom_message_s__rosidl_typesupport_introspection_c.so
[0.328s] Listing '/home/ubuntu/ws/src/install/custom_message/lib/python3.12/site-packages/custom_message'...
[0.328s] Listing '/home/ubuntu/ws/src/install/custom_message/lib/python3.12/site-packages/custom_message/msg'...
[0.328s] Listing '/home/ubuntu/ws/src/install/custom_message/lib/python3.12/site-packages/custom_message/srv'...
[0.331s] -- Up-to-date: /home/ubuntu/ws/src/install/custom_message/lib/python3.12/site-packages/custom_message/custom_message_s__rosidl_typesupport_fastrtps_c.so
[0.332s] -- Up-to-date: /home/ubuntu/ws/src/install/custom_message/lib/python3.12/site-packages/custom_message/custom_message_s__rosidl_typesupport_introspection_c.so
[0.332s] -- Up-to-date: /home/ubuntu/ws/src/install/custom_message/lib/python3.12/site-packages/custom_message/custom_message_s__rosidl_typesupport_c.so
[0.332s] -- Up-to-date: /home/ubuntu/ws/src/install/custom_message/lib/libcustom_message__rosidl_generator_py.so
[0.332s] -- Up-to-date: /home/ubuntu/ws/src/install/custom_message/share/custom_message/msg/Distance.idl
[0.332s] -- Up-to-date: /home/ubuntu/ws/src/install/custom_message/share/custom_message/srv/Threshold.idl
[0.333s] -- Up-to-date: /home/ubuntu/ws/src/install/custom_message/share/custom_message/srv/Average.idl
[0.333s] -- Up-to-date: /home/ubuntu/ws/src/install/custom_message/share/custom_message/srv/FixPoint.idl
[0.333s] -- Up-to-date: /home/ubuntu/ws/src/install/custom_message/share/custom_message/msg/Distance.msg
[0.333s] -- Up-to-date: /home/ubuntu/ws/src/install/custom_message/share/custom_message/srv/Threshold.srv
[0.333s] -- Up-to-date: /home/ubuntu/ws/src/install/custom_message/share/custom_message/srv/Average.srv
[0.333s] -- Up-to-date: /home/ubuntu/ws/src/install/custom_message/share/custom_message/srv/FixPoint.srv
[0.334s] -- Up-to-date: /home/ubuntu/ws/src/install/custom_message/share/ament_index/resource_index/package_run_dependencies/custom_message
[0.334s] -- Up-to-date: /home/ubuntu/ws/src/install/custom_message/share/ament_index/resource_index/parent_prefix_path/custom_message
[0.334s] -- Up-to-date: /home/ubuntu/ws/src/install/custom_message/share/custom_message/environment/ament_prefix_path.sh
[0.334s] -- Up-to-date: /home/ubuntu/ws/src/install/custom_message/share/custom_message/environment/ament_prefix_path.dsv
[0.334s] -- Up-to-date: /home/ubuntu/ws/src/install/custom_message/share/custom_message/environment/path.sh
[0.334s] -- Up-to-date: /home/ubuntu/ws/src/install/custom_message/share/custom_message/environment/path.dsv
[0.334s] -- Up-to-date: /home/ubuntu/ws/src/install/custom_message/share/custom_message/local_setup.bash
[0.334s] -- Up-to-date: /home/ubuntu/ws/src/install/custom_message/share/custom_message/local_setup.sh
[0.334s] -- Up-to-date: /home/ubuntu/ws/src/install/custom_message/share/custom_message/local_setup.zsh
[0.334s] -- Up-to-date: /home/ubuntu/ws/src/install/custom_message/share/custom_message/local_setup.dsv
[0.335s] -- Installing: /home/ubuntu/ws/src/install/custom_message/share/custom_message/package.dsv
[0.335s] -- Up-to-date: /home/ubuntu/ws/src/install/custom_message/share/ament_index/resource_index/packages/custom_message
[0.335s] -- Up-to-date: /home/ubuntu/ws/src/install/custom_message/share/custom_message/cmake/export_custom_message__rosidl_generator_cExport.cmake
[0.335s] -- Up-to-date: /home/ubuntu/ws/src/install/custom_message/share/custom_message/cmake/export_custom_message__rosidl_generator_cExport-noconfig.cmake
[0.335s] -- Up-to-date: /home/ubuntu/ws/src/install/custom_message/share/custom_message/cmake/export_custom_message__rosidl_typesupport_fastrtps_cExport.cmake
[0.335s] -- Up-to-date: /home/ubuntu/ws/src/install/custom_message/share/custom_message/cmake/export_custom_message__rosidl_typesupport_fastrtps_cExport-noconfig.cmake
[0.335s] -- Up-to-date: /home/ubuntu/ws/src/install/custom_message/share/custom_message/cmake/custom_message__rosidl_typesupport_introspection_cExport.cmake
[0.335s] -- Up-to-date: /home/ubuntu/ws/src/install/custom_message/share/custom_message/cmake/custom_message__rosidl_typesupport_introspection_cExport-noconfig.cmake
[0.336s] -- Up-to-date: /home/ubuntu/ws/src/install/custom_message/share/custom_message/cmake/custom_message__rosidl_typesupport_cExport.cmake
[0.336s] -- Up-to-date: /home/ubuntu/ws/src/install/custom_message/share/custom_message/cmake/custom_message__rosidl_typesupport_cExport-noconfig.cmake
[0.336s] -- Up-to-date: /home/ubuntu/ws/src/install/custom_message/share/custom_message/cmake/export_custom_message__rosidl_generator_cppExport.cmake
[0.336s] -- Up-to-date: /home/ubuntu/ws/src/install/custom_message/share/custom_message/cmake/export_custom_message__rosidl_typesupport_fastrtps_cppExport.cmake
[0.336s] -- Up-to-date: /home/ubuntu/ws/src/install/custom_message/share/custom_message/cmake/export_custom_message__rosidl_typesupport_fastrtps_cppExport-noconfig.cmake
[0.336s] -- Up-to-date: /home/ubuntu/ws/src/install/custom_message/share/custom_message/cmake/custom_message__rosidl_typesupport_introspection_cppExport.cmake
[0.336s] -- Up-to-date: /home/ubuntu/ws/src/install/custom_message/share/custom_message/cmake/custom_message__rosidl_typesupport_introspection_cppExport-noconfig.cmake
[0.336s] -- Up-to-date: /home/ubuntu/ws/src/install/custom_message/share/custom_message/cmake/custom_message__rosidl_typesupport_cppExport.cmake
[0.336s] -- Up-to-date: /home/ubuntu/ws/src/install/custom_message/share/custom_message/cmake/custom_message__rosidl_typesupport_cppExport-noconfig.cmake
[0.336s] -- Up-to-date: /home/ubuntu/ws/src/install/custom_message/share/custom_message/cmake/export_custom_message__rosidl_generator_pyExport.cmake
[0.336s] -- Up-to-date: /home/ubuntu/ws/src/install/custom_message/share/custom_message/cmake/export_custom_message__rosidl_generator_pyExport-noconfig.cmake
[0.336s] -- Up-to-date: /home/ubuntu/ws/src/install/custom_message/share/custom_message/cmake/rosidl_cmake-extras.cmake
[0.336s] -- Up-to-date: /home/ubuntu/ws/src/install/custom_message/share/custom_message/cmake/ament_cmake_export_dependencies-extras.cmake
[0.336s] -- Up-to-date: /home/ubuntu/ws/src/install/custom_message/share/custom_message/cmake/ament_cmake_export_include_directories-extras.cmake
[0.336s] -- Up-to-date: /home/ubuntu/ws/src/install/custom_message/share/custom_message/cmake/ament_cmake_export_libraries-extras.cmake
[0.336s] -- Up-to-date: /home/ubuntu/ws/src/install/custom_message/share/custom_message/cmake/ament_cmake_export_targets-extras.cmake
[0.336s] -- Up-to-date: /home/ubuntu/ws/src/install/custom_message/share/custom_message/cmake/rosidl_cmake_export_typesupport_targets-extras.cmake
[0.336s] -- Up-to-date: /home/ubuntu/ws/src/install/custom_message/share/custom_message/cmake/rosidl_cmake_export_typesupport_libraries-extras.cmake
[0.336s] -- Up-to-date: /home/ubuntu/ws/src/install/custom_message/share/custom_message/cmake/custom_messageConfig.cmake
[0.336s] -- Up-to-date: /home/ubuntu/ws/src/install/custom_message/share/custom_message/cmake/custom_messageConfig-version.cmake
[0.336s] -- Up-to-date: /home/ubuntu/ws/src/install/custom_message/share/custom_message/package.xml
[0.338s] Invoked command in '/home/ubuntu/ws/src/build/custom_message' returned '0': CMAKE_PREFIX_PATH=${CMAKE_PREFIX_PATH}:/home/ubuntu/ws/src/install/assignment2_rt:/opt/ros/jazzy /usr/bin/cmake --install /home/ubuntu/ws/src/build/custom_message
