-- Install configuration: ""
-- Up-to-date: /home/ubuntu/ws/src/install/bme_gazebo_sensors1/share/bme_gazebo_sensors1/launch
-- Up-to-date: /home/ubuntu/ws/src/install/bme_gazebo_sensors1/share/bme_gazebo_sensors1/launch/spawn_robot.launch.py
-- Up-to-date: /home/ubuntu/ws/src/install/bme_gazebo_sensors1/share/bme_gazebo_sensors1/launch/world.launch.py
-- Up-to-date: /home/ubuntu/ws/src/install/bme_gazebo_sensors1/share/bme_gazebo_sensors1/worlds
-- Up-to-date: /home/ubuntu/ws/src/install/bme_gazebo_sensors1/share/bme_gazebo_sensors1/worlds/my.sdf
-- Up-to-date: /home/ubuntu/ws/src/install/bme_gazebo_sensors1/share/bme_gazebo_sensors1/worlds/home.sdf
-- Up-to-date: /home/ubuntu/ws/src/install/bme_gazebo_sensors1/share/bme_gazebo_sensors1/worlds/my_world.sdf
-- Up-to-date: /home/ubuntu/ws/src/install/bme_gazebo_sensors1/share/bme_gazebo_sensors1/worlds/world.sdf
-- Up-to-date: /home/ubuntu/ws/src/install/bme_gazebo_sensors1/share/bme_gazebo_sensors1/rviz
-- Up-to-date: /home/ubuntu/ws/src/install/bme_gazebo_sensors1/share/bme_gazebo_sensors1/rviz/gps.rviz
-- Up-to-date: /home/ubuntu/ws/src/install/bme_gazebo_sensors1/share/bme_gazebo_sensors1/rviz/urdf.rviz
-- Up-to-date: /home/ubuntu/ws/src/install/bme_gazebo_sensors1/share/bme_gazebo_sensors1/rviz/rviz.rviz
-- Up-to-date: /home/ubuntu/ws/src/install/bme_gazebo_sensors1/share/bme_gazebo_sensors1/urdf
-- Up-to-date: /home/ubuntu/ws/src/install/bme_gazebo_sensors1/share/bme_gazebo_sensors1/urdf/mogi_bot.gazebo
-- Up-to-date: /home/ubuntu/ws/src/install/bme_gazebo_sensors1/share/bme_gazebo_sensors1/urdf/materials.xacro
-- Up-to-date: /home/ubuntu/ws/src/install/bme_gazebo_sensors1/share/bme_gazebo_sensors1/urdf/mogi_bot.urdf
-- Up-to-date: /home/ubuntu/ws/src/install/bme_gazebo_sensors1/share/bme_gazebo_sensors1/meshes
-- Up-to-date: /home/ubuntu/ws/src/install/bme_gazebo_sensors1/share/bme_gazebo_sensors1/meshes/lidar.dae
-- Up-to-date: /home/ubuntu/ws/src/install/bme_gazebo_sensors1/share/bme_gazebo_sensors1/meshes/wheel.dae
-- Up-to-date: /home/ubuntu/ws/src/install/bme_gazebo_sensors1/share/bme_gazebo_sensors1/meshes/mogi_bot.dae
-- Up-to-date: /home/ubuntu/ws/src/install/bme_gazebo_sensors1/share/bme_gazebo_sensors1/config
-- Up-to-date: /home/ubuntu/ws/src/install/bme_gazebo_sensors1/share/bme_gazebo_sensors1/config/ekf.yaml
-- Up-to-date: /home/ubuntu/ws/src/install/bme_gazebo_sensors1/share/ament_index/resource_index/package_run_dependencies/bme_gazebo_sensors1
-- Up-to-date: /home/ubuntu/ws/src/install/bme_gazebo_sensors1/share/ament_index/resource_index/parent_prefix_path/bme_gazebo_sensors1
-- Up-to-date: /home/ubuntu/ws/src/install/bme_gazebo_sensors1/share/bme_gazebo_sensors1/environment/ament_prefix_path.sh
-- Up-to-date: /home/ubuntu/ws/src/install/bme_gazebo_sensors1/share/bme_gazebo_sensors1/environment/ament_prefix_path.dsv
-- Up-to-date: /home/ubuntu/ws/src/install/bme_gazebo_sensors1/share/bme_gazebo_sensors1/environment/path.sh
-- Up-to-date: /home/ubuntu/ws/src/install/bme_gazebo_sensors1/share/bme_gazebo_sensors1/environment/path.dsv
-- Up-to-date: /home/ubuntu/ws/src/install/bme_gazebo_sensors1/share/bme_gazebo_sensors1/local_setup.bash
-- Up-to-date: /home/ubuntu/ws/src/install/bme_gazebo_sensors1/share/bme_gazebo_sensors1/local_setup.sh
-- Up-to-date: /home/ubuntu/ws/src/install/bme_gazebo_sensors1/share/bme_gazebo_sensors1/local_setup.zsh
-- Up-to-date: /home/ubuntu/ws/src/install/bme_gazebo_sensors1/share/bme_gazebo_sensors1/local_setup.dsv
-- Installing: /home/ubuntu/ws/src/install/bme_gazebo_sensors1/share/bme_gazebo_sensors1/package.dsv
-- Up-to-date: /home/ubuntu/ws/src/install/bme_gazebo_sensors1/share/ament_index/resource_index/packages/bme_gazebo_sensors1
-- Up-to-date: /home/ubuntu/ws/src/install/bme_gazebo_sensors1/share/bme_gazebo_sensors1/cmake/bme_gazebo_sensors1Config.cmake
-- Up-to-date: /home/ubuntu/ws/src/install/bme_gazebo_sensors1/share/bme_gazebo_sensors1/cmake/bme_gazebo_sensors1Config-version.cmake
-- Up-to-date: /home/ubuntu/ws/src/install/bme_gazebo_sensors1/share/bme_gazebo_sensors1/package.xml
