[0.013s] Invoking command in '/home/ubuntu/ws/src/build/bme_gazebo_sensors1': CMAKE_PREFIX_PATH=${CMAKE_PREFIX_PATH}:/opt/ros/jazzy /usr/bin/cmake /home/ubuntu/ws/src/bme_gazebo_sensors1 -DCMAKE_INSTALL_PREFIX=/home/ubuntu/ws/src/install/bme_gazebo_sensors1
[0.197s] -- The C compiler identification is GNU 13.3.0
[0.297s] -- The CXX compiler identification is GNU 13.3.0
[0.319s] -- Detecting C compiler ABI info
[0.407s] -- Detecting C compiler ABI info - done
[0.413s] -- Check for working C compiler: /usr/bin/cc - skipped
[0.414s] -- Detecting C compile features
[0.415s] -- Detecting C compile features - done
[0.423s] -- Detecting CXX compiler ABI info
[0.506s] -- Detecting CXX compiler ABI info - done
[0.512s] -- Check for working CXX compiler: /usr/bin/c++ - skipped
[0.512s] -- Detecting CXX compile features
[0.513s] -- Detecting CXX compile features - done
[0.546s] -- Found ament_cmake: 2.5.4 (/opt/ros/jazzy/share/ament_cmake/cmake)
[0.669s] -- Found Python3: /usr/bin/python3 (found version "3.12.3") found components: Interpreter 
[0.815s] -- Found ament_lint_auto: 0.17.3 (/opt/ros/jazzy/share/ament_lint_auto/cmake)
[0.916s] -- Added test 'flake8' to check Python code syntax and style conventions
[0.916s] -- Configured 'flake8' exclude dirs and/or files: 
[0.917s] -- Added test 'lint_cmake' to check CMake code style
[0.918s] -- Added test 'pep257' to check Python code against some of the docstring style conventions in PEP 257
[0.920s] -- Added test 'xmllint' to check XML markup files
[0.923s] -- Configuring done (0.9s)
[0.926s] -- Generating done (0.0s)
[0.929s] -- Build files have been written to: /home/ubuntu/ws/src/build/bme_gazebo_sensors1
[0.933s] Invoked command in '/home/ubuntu/ws/src/build/bme_gazebo_sensors1' returned '0': CMAKE_PREFIX_PATH=${CMAKE_PREFIX_PATH}:/opt/ros/jazzy /usr/bin/cmake /home/ubuntu/ws/src/bme_gazebo_sensors1 -DCMAKE_INSTALL_PREFIX=/home/ubuntu/ws/src/install/bme_gazebo_sensors1
[0.934s] Invoking command in '/home/ubuntu/ws/src/build/bme_gazebo_sensors1': CMAKE_PREFIX_PATH=${CMAKE_PREFIX_PATH}:/opt/ros/jazzy /usr/bin/cmake --build /home/ubuntu/ws/src/build/bme_gazebo_sensors1 -- -j22 -l22
[0.965s] Invoked command in '/home/ubuntu/ws/src/build/bme_gazebo_sensors1' returned '0': CMAKE_PREFIX_PATH=${CMAKE_PREFIX_PATH}:/opt/ros/jazzy /usr/bin/cmake --build /home/ubuntu/ws/src/build/bme_gazebo_sensors1 -- -j22 -l22
[0.973s] Invoking command in '/home/ubuntu/ws/src/build/bme_gazebo_sensors1': CMAKE_PREFIX_PATH=${CMAKE_PREFIX_PATH}:/opt/ros/jazzy /usr/bin/cmake --install /home/ubuntu/ws/src/build/bme_gazebo_sensors1
[0.979s] -- Install configuration: ""
[0.979s] -- Installing: /home/ubuntu/ws/src/install/bme_gazebo_sensors1/share/bme_gazebo_sensors1/launch
[0.980s] -- Installing: /home/ubuntu/ws/src/install/bme_gazebo_sensors1/share/bme_gazebo_sensors1/launch/spawn_robot.launch.py
[0.980s] -- Installing: /home/ubuntu/ws/src/install/bme_gazebo_sensors1/share/bme_gazebo_sensors1/launch/world.launch.py
[0.981s] -- Installing: /home/ubuntu/ws/src/install/bme_gazebo_sensors1/share/bme_gazebo_sensors1/worlds
[0.981s] -- Installing: /home/ubuntu/ws/src/install/bme_gazebo_sensors1/share/bme_gazebo_sensors1/worlds/my.sdf
[0.981s] -- Installing: /home/ubuntu/ws/src/install/bme_gazebo_sensors1/share/bme_gazebo_sensors1/worlds/home.sdf
[0.982s] -- Installing: /home/ubuntu/ws/src/install/bme_gazebo_sensors1/share/bme_gazebo_sensors1/worlds/my_world.sdf
[0.982s] -- Installing: /home/ubuntu/ws/src/install/bme_gazebo_sensors1/share/bme_gazebo_sensors1/worlds/world.sdf
[0.983s] -- Installing: /home/ubuntu/ws/src/install/bme_gazebo_sensors1/share/bme_gazebo_sensors1/rviz
[0.983s] -- Installing: /home/ubuntu/ws/src/install/bme_gazebo_sensors1/share/bme_gazebo_sensors1/rviz/gps.rviz
[0.984s] -- Installing: /home/ubuntu/ws/src/install/bme_gazebo_sensors1/share/bme_gazebo_sensors1/rviz/urdf.rviz
[0.984s] -- Installing: /home/ubuntu/ws/src/install/bme_gazebo_sensors1/share/bme_gazebo_sensors1/rviz/rviz.rviz
[0.984s] -- Installing: /home/ubuntu/ws/src/install/bme_gazebo_sensors1/share/bme_gazebo_sensors1/urdf
[0.984s] -- Installing: /home/ubuntu/ws/src/install/bme_gazebo_sensors1/share/bme_gazebo_sensors1/urdf/mogi_bot.gazebo
[0.985s] -- Installing: /home/ubuntu/ws/src/install/bme_gazebo_sensors1/share/bme_gazebo_sensors1/urdf/materials.xacro
[0.985s] -- Installing: /home/ubuntu/ws/src/install/bme_gazebo_sensors1/share/bme_gazebo_sensors1/urdf/mogi_bot.urdf
[0.985s] -- Installing: /home/ubuntu/ws/src/install/bme_gazebo_sensors1/share/bme_gazebo_sensors1/meshes
[0.986s] -- Installing: /home/ubuntu/ws/src/install/bme_gazebo_sensors1/share/bme_gazebo_sensors1/meshes/lidar.dae
[0.986s] -- Installing: /home/ubuntu/ws/src/install/bme_gazebo_sensors1/share/bme_gazebo_sensors1/meshes/wheel.dae
[0.988s] -- Installing: /home/ubuntu/ws/src/install/bme_gazebo_sensors1/share/bme_gazebo_sensors1/meshes/mogi_bot.dae
[0.988s] -- Installing: /home/ubuntu/ws/src/install/bme_gazebo_sensors1/share/bme_gazebo_sensors1/config
[0.988s] -- Installing: /home/ubuntu/ws/src/install/bme_gazebo_sensors1/share/bme_gazebo_sensors1/config/ekf.yaml
[0.989s] -- Installing: /home/ubuntu/ws/src/install/bme_gazebo_sensors1/share/ament_index/resource_index/package_run_dependencies/bme_gazebo_sensors1
[0.990s] -- Installing: /home/ubuntu/ws/src/install/bme_gazebo_sensors1/share/ament_index/resource_index/parent_prefix_path/bme_gazebo_sensors1
[0.990s] -- Installing: /home/ubuntu/ws/src/install/bme_gazebo_sensors1/share/bme_gazebo_sensors1/environment/ament_prefix_path.sh
[0.990s] -- Installing: /home/ubuntu/ws/src/install/bme_gazebo_sensors1/share/bme_gazebo_sensors1/environment/ament_prefix_path.dsv
[0.990s] -- Installing: /home/ubuntu/ws/src/install/bme_gazebo_sensors1/share/bme_gazebo_sensors1/environment/path.sh
[0.990s] -- Installing: /home/ubuntu/ws/src/install/bme_gazebo_sensors1/share/bme_gazebo_sensors1/environment/path.dsv
[0.990s] -- Installing: /home/ubuntu/ws/src/install/bme_gazebo_sensors1/share/bme_gazebo_sensors1/local_setup.bash
[0.991s] -- Installing: /home/ubuntu/ws/src/install/bme_gazebo_sensors1/share/bme_gazebo_sensors1/local_setup.sh
[0.991s] -- Installing: /home/ubuntu/ws/src/install/bme_gazebo_sensors1/share/bme_gazebo_sensors1/local_setup.zsh
[0.991s] -- Installing: /home/ubuntu/ws/src/install/bme_gazebo_sensors1/share/bme_gazebo_sensors1/local_setup.dsv
[0.991s] -- Installing: /home/ubuntu/ws/src/install/bme_gazebo_sensors1/share/bme_gazebo_sensors1/package.dsv
[0.991s] -- Installing: /home/ubuntu/ws/src/install/bme_gazebo_sensors1/share/ament_index/resource_index/packages/bme_gazebo_sensors1
[0.991s] -- Installing: /home/ubuntu/ws/src/install/bme_gazebo_sensors1/share/bme_gazebo_sensors1/cmake/bme_gazebo_sensors1Config.cmake
[0.992s] -- Installing: /home/ubuntu/ws/src/install/bme_gazebo_sensors1/share/bme_gazebo_sensors1/cmake/bme_gazebo_sensors1Config-version.cmake
[0.992s] -- Installing: /home/ubuntu/ws/src/install/bme_gazebo_sensors1/share/bme_gazebo_sensors1/package.xml
[0.994s] Invoked command in '/home/ubuntu/ws/src/build/bme_gazebo_sensors1' returned '0': CMAKE_PREFIX_PATH=${CMAKE_PREFIX_PATH}:/opt/ros/jazzy /usr/bin/cmake --install /home/ubuntu/ws/src/build/bme_gazebo_sensors1
