[0.074s] DEBUG:colcon:Command line arguments: ['/usr/bin/colcon', 'build']
[0.074s] DEBUG:colcon:Parsed command line arguments: Namespace(log_base=None, log_level=None, verb_name='build', build_base='build', install_base='install', merge_install=False, symlink_install=False, test_result_base=None, continue_on_error=False, executor='parallel', parallel_workers=22, event_handlers=None, ignore_user_meta=False, metas=['./colcon.meta'], base_paths=['.'], packages_ignore=None, packages_ignore_regex=None, paths=None, packages_up_to=None, packages_up_to_regex=None, packages_above=None, packages_above_and_dependencies=None, packages_above_depth=None, packages_select_by_dep=None, packages_skip_by_dep=None, packages_skip_up_to=None, packages_select_build_failed=False, packages_skip_build_finished=False, packages_select_test_failures=False, packages_skip_test_passed=False, packages_select=None, packages_skip=None, packages_select_regex=None, packages_skip_regex=None, packages_start=None, packages_end=None, cmake_args=None, cmake_target=None, cmake_target_skip_unavailable=False, cmake_clean_cache=False, cmake_clean_first=False, cmake_force_configure=False, ament_cmake_args=None, catkin_cmake_args=None, catkin_skip_building_tests=False, mixin_files=None, mixin=None, verb_parser=<colcon_mixin.mixin.mixin_argument.MixinArgumentDecorator object at 0x73ec20c72090>, verb_extension=<colcon_core.verb.build.BuildVerb object at 0x73ec20dc6390>, main=<bound method BuildVerb.main of <colcon_core.verb.build.BuildVerb object at 0x73ec20dc6390>>, mixin_verb=('build',))
[0.101s] Level 1:colcon.colcon_core.package_discovery:discover_packages(colcon_meta) check parameters
[0.101s] INFO:colcon.colcon_metadata.package_discovery.colcon_meta:Using configuration from '/root/.colcon/metadata/default/Gazebo.meta'
[0.101s] INFO:colcon.colcon_metadata.package_discovery.colcon_meta:Using configuration from '/root/.colcon/metadata/default/fastdds.meta'
[0.102s] INFO:colcon.colcon_metadata.package_discovery.colcon_meta:Using configuration from '/root/.colcon/metadata/default/fastrtps.meta'
[0.102s] Level 1:colcon.colcon_core.package_discovery:discover_packages(recursive) check parameters
[0.102s] Level 1:colcon.colcon_core.package_discovery:discover_packages(ignore) check parameters
[0.102s] Level 1:colcon.colcon_core.package_discovery:discover_packages(path) check parameters
[0.102s] Level 1:colcon.colcon_core.package_discovery:discover_packages(colcon_meta) discover
[0.102s] Level 1:colcon.colcon_core.package_discovery:discover_packages(recursive) discover
[0.102s] INFO:colcon.colcon_core.package_discovery:Crawling recursively for packages in '/home/ubuntu/ws/src'
[0.102s] Level 1:colcon.colcon_core.package_identification:_identify(.) by extensions ['ignore', 'ignore_ament_install']
[0.102s] Level 1:colcon.colcon_core.package_identification:_identify(.) by extension 'ignore'
[0.102s] Level 1:colcon.colcon_core.package_identification:_identify(.) by extension 'ignore_ament_install'
[0.102s] Level 1:colcon.colcon_core.package_identification:_identify(.) by extensions ['colcon_pkg']
[0.102s] Level 1:colcon.colcon_core.package_identification:_identify(.) by extension 'colcon_pkg'
[0.102s] Level 1:colcon.colcon_core.package_identification:_identify(.) by extensions ['colcon_meta']
[0.102s] Level 1:colcon.colcon_core.package_identification:_identify(.) by extension 'colcon_meta'
[0.102s] Level 1:colcon.colcon_core.package_identification:_identify(.) by extensions ['ros']
[0.102s] Level 1:colcon.colcon_core.package_identification:_identify(.) by extension 'ros'
[0.120s] Level 1:colcon.colcon_core.package_identification:_identify(.) by extensions ['cmake', 'python']
[0.120s] Level 1:colcon.colcon_core.package_identification:_identify(.) by extension 'cmake'
[0.120s] Level 1:colcon.colcon_core.package_identification:_identify(.) by extension 'python'
[0.120s] Level 1:colcon.colcon_core.package_identification:_identify(.) by extensions ['python_setup_py']
[0.120s] Level 1:colcon.colcon_core.package_identification:_identify(.) by extension 'python_setup_py'
[0.120s] Level 1:colcon.colcon_core.package_identification:_identify(assignment2_rt) by extensions ['ignore', 'ignore_ament_install']
[0.120s] Level 1:colcon.colcon_core.package_identification:_identify(assignment2_rt) by extension 'ignore'
[0.120s] Level 1:colcon.colcon_core.package_identification:_identify(assignment2_rt) by extension 'ignore_ament_install'
[0.120s] Level 1:colcon.colcon_core.package_identification:_identify(assignment2_rt) by extensions ['colcon_pkg']
[0.120s] Level 1:colcon.colcon_core.package_identification:_identify(assignment2_rt) by extension 'colcon_pkg'
[0.120s] Level 1:colcon.colcon_core.package_identification:_identify(assignment2_rt) by extensions ['colcon_meta']
[0.120s] Level 1:colcon.colcon_core.package_identification:_identify(assignment2_rt) by extension 'colcon_meta'
[0.120s] Level 1:colcon.colcon_core.package_identification:_identify(assignment2_rt) by extensions ['ros']
[0.120s] Level 1:colcon.colcon_core.package_identification:_identify(assignment2_rt) by extension 'ros'
[0.122s] DEBUG:colcon.colcon_core.package_identification:Package 'assignment2_rt' with type 'ros.ament_python' and name 'assignment2_rt'
[0.122s] Level 1:colcon.colcon_core.package_identification:_identify(bme_gazebo_sensors1) by extensions ['ignore', 'ignore_ament_install']
[0.122s] Level 1:colcon.colcon_core.package_identification:_identify(bme_gazebo_sensors1) by extension 'ignore'
[0.122s] Level 1:colcon.colcon_core.package_identification:_identify(bme_gazebo_sensors1) by extension 'ignore_ament_install'
[0.122s] Level 1:colcon.colcon_core.package_identification:_identify(bme_gazebo_sensors1) by extensions ['colcon_pkg']
[0.122s] Level 1:colcon.colcon_core.package_identification:_identify(bme_gazebo_sensors1) by extension 'colcon_pkg'
[0.122s] Level 1:colcon.colcon_core.package_identification:_identify(bme_gazebo_sensors1) by extensions ['colcon_meta']
[0.122s] Level 1:colcon.colcon_core.package_identification:_identify(bme_gazebo_sensors1) by extension 'colcon_meta'
[0.122s] Level 1:colcon.colcon_core.package_identification:_identify(bme_gazebo_sensors1) by extensions ['ros']
[0.122s] Level 1:colcon.colcon_core.package_identification:_identify(bme_gazebo_sensors1) by extension 'ros'
[0.123s] DEBUG:colcon.colcon_core.package_identification:Package 'bme_gazebo_sensors1' with type 'ros.ament_cmake' and name 'bme_gazebo_sensors1'
[0.123s] Level 1:colcon.colcon_core.package_identification:_identify(build) by extensions ['ignore', 'ignore_ament_install']
[0.123s] Level 1:colcon.colcon_core.package_identification:_identify(build) by extension 'ignore'
[0.123s] Level 1:colcon.colcon_core.package_identification:_identify(build) ignored
[0.123s] Level 1:colcon.colcon_core.package_identification:_identify(custom_message) by extensions ['ignore', 'ignore_ament_install']
[0.123s] Level 1:colcon.colcon_core.package_identification:_identify(custom_message) by extension 'ignore'
[0.123s] Level 1:colcon.colcon_core.package_identification:_identify(custom_message) by extension 'ignore_ament_install'
[0.123s] Level 1:colcon.colcon_core.package_identification:_identify(custom_message) by extensions ['colcon_pkg']
[0.123s] Level 1:colcon.colcon_core.package_identification:_identify(custom_message) by extension 'colcon_pkg'
[0.123s] Level 1:colcon.colcon_core.package_identification:_identify(custom_message) by extensions ['colcon_meta']
[0.123s] Level 1:colcon.colcon_core.package_identification:_identify(custom_message) by extension 'colcon_meta'
[0.123s] Level 1:colcon.colcon_core.package_identification:_identify(custom_message) by extensions ['ros']
[0.123s] Level 1:colcon.colcon_core.package_identification:_identify(custom_message) by extension 'ros'
[0.123s] DEBUG:colcon.colcon_core.package_identification:Package 'custom_message' with type 'ros.ament_cmake' and name 'custom_message'
[0.123s] Level 1:colcon.colcon_core.package_identification:_identify(install) by extensions ['ignore', 'ignore_ament_install']
[0.124s] Level 1:colcon.colcon_core.package_identification:_identify(install) by extension 'ignore'
[0.124s] Level 1:colcon.colcon_core.package_identification:_identify(install) ignored
[0.124s] Level 1:colcon.colcon_core.package_identification:_identify(log) by extensions ['ignore', 'ignore_ament_install']
[0.124s] Level 1:colcon.colcon_core.package_identification:_identify(log) by extension 'ignore'
[0.124s] Level 1:colcon.colcon_core.package_identification:_identify(log) ignored
[0.124s] Level 1:colcon.colcon_core.package_discovery:discover_packages(recursive) using defaults
[0.124s] Level 1:colcon.colcon_core.package_discovery:discover_packages(ignore) discover
[0.124s] Level 1:colcon.colcon_core.package_discovery:discover_packages(ignore) using defaults
[0.124s] Level 1:colcon.colcon_core.package_discovery:discover_packages(path) discover
[0.124s] Level 1:colcon.colcon_core.package_discovery:discover_packages(path) using defaults
[0.136s] Level 5:colcon.colcon_core.verb:set package 'bme_gazebo_sensors1' build argument 'cmake_args' from command line to 'None'
[0.136s] Level 5:colcon.colcon_core.verb:set package 'bme_gazebo_sensors1' build argument 'cmake_target' from command line to 'None'
[0.136s] Level 5:colcon.colcon_core.verb:set package 'bme_gazebo_sensors1' build argument 'cmake_target_skip_unavailable' from command line to 'False'
[0.136s] Level 5:colcon.colcon_core.verb:set package 'bme_gazebo_sensors1' build argument 'cmake_clean_cache' from command line to 'False'
[0.136s] Level 5:colcon.colcon_core.verb:set package 'bme_gazebo_sensors1' build argument 'cmake_clean_first' from command line to 'False'
[0.136s] Level 5:colcon.colcon_core.verb:set package 'bme_gazebo_sensors1' build argument 'cmake_force_configure' from command line to 'False'
[0.136s] Level 5:colcon.colcon_core.verb:set package 'bme_gazebo_sensors1' build argument 'ament_cmake_args' from command line to 'None'
[0.136s] Level 5:colcon.colcon_core.verb:set package 'bme_gazebo_sensors1' build argument 'catkin_cmake_args' from command line to 'None'
[0.136s] Level 5:colcon.colcon_core.verb:set package 'bme_gazebo_sensors1' build argument 'catkin_skip_building_tests' from command line to 'False'
[0.136s] DEBUG:colcon.colcon_core.verb:Building package 'bme_gazebo_sensors1' with the following arguments: {'ament_cmake_args': None, 'build_base': '/home/ubuntu/ws/src/build/bme_gazebo_sensors1', 'catkin_cmake_args': None, 'catkin_skip_building_tests': False, 'cmake_args': None, 'cmake_clean_cache': False, 'cmake_clean_first': False, 'cmake_force_configure': False, 'cmake_target': None, 'cmake_target_skip_unavailable': False, 'install_base': '/home/ubuntu/ws/src/install/bme_gazebo_sensors1', 'merge_install': False, 'path': '/home/ubuntu/ws/src/bme_gazebo_sensors1', 'symlink_install': False, 'test_result_base': None}
[0.136s] Level 5:colcon.colcon_core.verb:set package 'custom_message' build argument 'cmake_args' from command line to 'None'
[0.136s] Level 5:colcon.colcon_core.verb:set package 'custom_message' build argument 'cmake_target' from command line to 'None'
[0.136s] Level 5:colcon.colcon_core.verb:set package 'custom_message' build argument 'cmake_target_skip_unavailable' from command line to 'False'
[0.136s] Level 5:colcon.colcon_core.verb:set package 'custom_message' build argument 'cmake_clean_cache' from command line to 'False'
[0.136s] Level 5:colcon.colcon_core.verb:set package 'custom_message' build argument 'cmake_clean_first' from command line to 'False'
[0.136s] Level 5:colcon.colcon_core.verb:set package 'custom_message' build argument 'cmake_force_configure' from command line to 'False'
[0.136s] Level 5:colcon.colcon_core.verb:set package 'custom_message' build argument 'ament_cmake_args' from command line to 'None'
[0.136s] Level 5:colcon.colcon_core.verb:set package 'custom_message' build argument 'catkin_cmake_args' from command line to 'None'
[0.136s] Level 5:colcon.colcon_core.verb:set package 'custom_message' build argument 'catkin_skip_building_tests' from command line to 'False'
[0.136s] DEBUG:colcon.colcon_core.verb:Building package 'custom_message' with the following arguments: {'ament_cmake_args': None, 'build_base': '/home/ubuntu/ws/src/build/custom_message', 'catkin_cmake_args': None, 'catkin_skip_building_tests': False, 'cmake_args': None, 'cmake_clean_cache': False, 'cmake_clean_first': False, 'cmake_force_configure': False, 'cmake_target': None, 'cmake_target_skip_unavailable': False, 'install_base': '/home/ubuntu/ws/src/install/custom_message', 'merge_install': False, 'path': '/home/ubuntu/ws/src/custom_message', 'symlink_install': False, 'test_result_base': None}
[0.136s] Level 5:colcon.colcon_core.verb:set package 'assignment2_rt' build argument 'cmake_args' from command line to 'None'
[0.136s] Level 5:colcon.colcon_core.verb:set package 'assignment2_rt' build argument 'cmake_target' from command line to 'None'
[0.136s] Level 5:colcon.colcon_core.verb:set package 'assignment2_rt' build argument 'cmake_target_skip_unavailable' from command line to 'False'
[0.137s] Level 5:colcon.colcon_core.verb:set package 'assignment2_rt' build argument 'cmake_clean_cache' from command line to 'False'
[0.137s] Level 5:colcon.colcon_core.verb:set package 'assignment2_rt' build argument 'cmake_clean_first' from command line to 'False'
[0.137s] Level 5:colcon.colcon_core.verb:set package 'assignment2_rt' build argument 'cmake_force_configure' from command line to 'False'
[0.137s] Level 5:colcon.colcon_core.verb:set package 'assignment2_rt' build argument 'ament_cmake_args' from command line to 'None'
[0.137s] Level 5:colcon.colcon_core.verb:set package 'assignment2_rt' build argument 'catkin_cmake_args' from command line to 'None'
[0.137s] Level 5:colcon.colcon_core.verb:set package 'assignment2_rt' build argument 'catkin_skip_building_tests' from command line to 'False'
[0.137s] DEBUG:colcon.colcon_core.verb:Building package 'assignment2_rt' with the following arguments: {'ament_cmake_args': None, 'build_base': '/home/ubuntu/ws/src/build/assignment2_rt', 'catkin_cmake_args': None, 'catkin_skip_building_tests': False, 'cmake_args': None, 'cmake_clean_cache': False, 'cmake_clean_first': False, 'cmake_force_configure': False, 'cmake_target': None, 'cmake_target_skip_unavailable': False, 'install_base': '/home/ubuntu/ws/src/install/assignment2_rt', 'merge_install': False, 'path': '/home/ubuntu/ws/src/assignment2_rt', 'symlink_install': False, 'test_result_base': None}
[0.137s] INFO:colcon.colcon_core.executor:Executing jobs using 'parallel' executor
[0.138s] DEBUG:colcon.colcon_parallel_executor.executor.parallel:run_until_complete
[0.138s] INFO:colcon.colcon_ros.task.ament_cmake.build:Building ROS package in '/home/ubuntu/ws/src/custom_message' with build type 'ament_cmake'
[0.138s] INFO:colcon.colcon_cmake.task.cmake.build:Building CMake package in '/home/ubuntu/ws/src/custom_message'
[0.140s] INFO:colcon.colcon_core.plugin_system:Skipping extension 'colcon_core.shell.bat': Not used on non-Windows systems
[0.140s] INFO:colcon.colcon_core.shell:Skip shell extension 'powershell' for command environment: Not usable outside of PowerShell
[0.140s] DEBUG:colcon.colcon_core.shell:Skip shell extension 'dsv' for command environment
[0.144s] INFO:colcon.colcon_ros.task.ament_cmake.build:Building ROS package in '/home/ubuntu/ws/src/bme_gazebo_sensors1' with build type 'ament_cmake'
[0.144s] INFO:colcon.colcon_cmake.task.cmake.build:Building CMake package in '/home/ubuntu/ws/src/bme_gazebo_sensors1'
[0.144s] INFO:colcon.colcon_core.shell:Skip shell extension 'powershell' for command environment: Not usable outside of PowerShell
[0.144s] DEBUG:colcon.colcon_core.shell:Skip shell extension 'dsv' for command environment
[0.155s] DEBUG:colcon.colcon_core.event_handler.log_command:Invoking command in '/home/ubuntu/ws/src/build/custom_message': CMAKE_PREFIX_PATH=${CMAKE_PREFIX_PATH}:/home/ubuntu/ws/src/install/assignment2_rt:/opt/ros/jazzy /usr/bin/cmake --build /home/ubuntu/ws/src/build/custom_message -- -j22 -l22
[0.159s] DEBUG:colcon.colcon_core.event_handler.log_command:Invoking command in '/home/ubuntu/ws/src/build/bme_gazebo_sensors1': CMAKE_PREFIX_PATH=${CMAKE_PREFIX_PATH}:/home/ubuntu/ws/src/install/assignment2_rt:/opt/ros/jazzy /usr/bin/cmake --build /home/ubuntu/ws/src/build/bme_gazebo_sensors1 -- -j22 -l22
[0.193s] DEBUG:colcon.colcon_core.event_handler.log_command:Invoked command in '/home/ubuntu/ws/src/build/bme_gazebo_sensors1' returned '0': CMAKE_PREFIX_PATH=${CMAKE_PREFIX_PATH}:/home/ubuntu/ws/src/install/assignment2_rt:/opt/ros/jazzy /usr/bin/cmake --build /home/ubuntu/ws/src/build/bme_gazebo_sensors1 -- -j22 -l22
[0.201s] DEBUG:colcon.colcon_core.event_handler.log_command:Invoking command in '/home/ubuntu/ws/src/build/bme_gazebo_sensors1': CMAKE_PREFIX_PATH=${CMAKE_PREFIX_PATH}:/home/ubuntu/ws/src/install/assignment2_rt:/opt/ros/jazzy /usr/bin/cmake --install /home/ubuntu/ws/src/build/bme_gazebo_sensors1
[0.211s] Level 1:colcon.colcon_core.environment:create_environment_scripts_only(bme_gazebo_sensors1)
[0.212s] DEBUG:colcon.colcon_core.event_handler.log_command:Invoked command in '/home/ubuntu/ws/src/build/bme_gazebo_sensors1' returned '0': CMAKE_PREFIX_PATH=${CMAKE_PREFIX_PATH}:/home/ubuntu/ws/src/install/assignment2_rt:/opt/ros/jazzy /usr/bin/cmake --install /home/ubuntu/ws/src/build/bme_gazebo_sensors1
[0.214s] Level 1:colcon.colcon_core.environment:checking '/home/ubuntu/ws/src/install/bme_gazebo_sensors1' for CMake module files
[0.215s] Level 1:colcon.colcon_core.environment:checking '/home/ubuntu/ws/src/install/bme_gazebo_sensors1' for CMake config files
[0.215s] Level 1:colcon.colcon_core.shell:create_environment_hook('bme_gazebo_sensors1', 'cmake_prefix_path')
[0.215s] INFO:colcon.colcon_core.shell:Creating environment hook '/home/ubuntu/ws/src/install/bme_gazebo_sensors1/share/bme_gazebo_sensors1/hook/cmake_prefix_path.ps1'
[0.216s] INFO:colcon.colcon_core.shell:Creating environment descriptor '/home/ubuntu/ws/src/install/bme_gazebo_sensors1/share/bme_gazebo_sensors1/hook/cmake_prefix_path.dsv'
[0.216s] INFO:colcon.colcon_core.shell:Creating environment hook '/home/ubuntu/ws/src/install/bme_gazebo_sensors1/share/bme_gazebo_sensors1/hook/cmake_prefix_path.sh'
[0.217s] Level 1:colcon.colcon_core.environment:checking '/home/ubuntu/ws/src/install/bme_gazebo_sensors1/bin'
[0.217s] Level 1:colcon.colcon_core.environment:checking '/home/ubuntu/ws/src/install/bme_gazebo_sensors1/lib/pkgconfig/bme_gazebo_sensors1.pc'
[0.219s] Level 1:colcon.colcon_core.environment:checking '/home/ubuntu/ws/src/install/bme_gazebo_sensors1/lib/python3.12/site-packages'
[0.219s] Level 1:colcon.colcon_core.environment:checking '/home/ubuntu/ws/src/install/bme_gazebo_sensors1/bin'
[0.220s] INFO:colcon.colcon_core.shell:Creating package script '/home/ubuntu/ws/src/install/bme_gazebo_sensors1/share/bme_gazebo_sensors1/package.ps1'
[0.221s] INFO:colcon.colcon_core.shell:Creating package descriptor '/home/ubuntu/ws/src/install/bme_gazebo_sensors1/share/bme_gazebo_sensors1/package.dsv'
[0.221s] INFO:colcon.colcon_core.shell:Creating package script '/home/ubuntu/ws/src/install/bme_gazebo_sensors1/share/bme_gazebo_sensors1/package.sh'
[0.222s] INFO:colcon.colcon_core.shell:Creating package script '/home/ubuntu/ws/src/install/bme_gazebo_sensors1/share/bme_gazebo_sensors1/package.bash'
[0.223s] INFO:colcon.colcon_core.shell:Creating package script '/home/ubuntu/ws/src/install/bme_gazebo_sensors1/share/bme_gazebo_sensors1/package.zsh'
[0.223s] Level 1:colcon.colcon_core.environment:create_file_with_runtime_dependencies(/home/ubuntu/ws/src/install/bme_gazebo_sensors1/share/colcon-core/packages/bme_gazebo_sensors1)
[0.224s] Level 1:colcon.colcon_core.environment:create_environment_scripts_only(bme_gazebo_sensors1)
[0.224s] Level 1:colcon.colcon_core.environment:checking '/home/ubuntu/ws/src/install/bme_gazebo_sensors1' for CMake module files
[0.224s] Level 1:colcon.colcon_core.environment:checking '/home/ubuntu/ws/src/install/bme_gazebo_sensors1' for CMake config files
[0.224s] Level 1:colcon.colcon_core.shell:create_environment_hook('bme_gazebo_sensors1', 'cmake_prefix_path')
[0.225s] INFO:colcon.colcon_core.shell:Creating environment hook '/home/ubuntu/ws/src/install/bme_gazebo_sensors1/share/bme_gazebo_sensors1/hook/cmake_prefix_path.ps1'
[0.225s] INFO:colcon.colcon_core.shell:Creating environment descriptor '/home/ubuntu/ws/src/install/bme_gazebo_sensors1/share/bme_gazebo_sensors1/hook/cmake_prefix_path.dsv'
[0.225s] INFO:colcon.colcon_core.shell:Creating environment hook '/home/ubuntu/ws/src/install/bme_gazebo_sensors1/share/bme_gazebo_sensors1/hook/cmake_prefix_path.sh'
[0.226s] Level 1:colcon.colcon_core.environment:checking '/home/ubuntu/ws/src/install/bme_gazebo_sensors1/bin'
[0.226s] Level 1:colcon.colcon_core.environment:checking '/home/ubuntu/ws/src/install/bme_gazebo_sensors1/lib/pkgconfig/bme_gazebo_sensors1.pc'
[0.226s] Level 1:colcon.colcon_core.environment:checking '/home/ubuntu/ws/src/install/bme_gazebo_sensors1/lib/python3.12/site-packages'
[0.226s] Level 1:colcon.colcon_core.environment:checking '/home/ubuntu/ws/src/install/bme_gazebo_sensors1/bin'
[0.226s] INFO:colcon.colcon_core.shell:Creating package script '/home/ubuntu/ws/src/install/bme_gazebo_sensors1/share/bme_gazebo_sensors1/package.ps1'
[0.227s] INFO:colcon.colcon_core.shell:Creating package descriptor '/home/ubuntu/ws/src/install/bme_gazebo_sensors1/share/bme_gazebo_sensors1/package.dsv'
[0.227s] INFO:colcon.colcon_core.shell:Creating package script '/home/ubuntu/ws/src/install/bme_gazebo_sensors1/share/bme_gazebo_sensors1/package.sh'
[0.228s] INFO:colcon.colcon_core.shell:Creating package script '/home/ubuntu/ws/src/install/bme_gazebo_sensors1/share/bme_gazebo_sensors1/package.bash'
[0.228s] INFO:colcon.colcon_core.shell:Creating package script '/home/ubuntu/ws/src/install/bme_gazebo_sensors1/share/bme_gazebo_sensors1/package.zsh'
[0.228s] Level 1:colcon.colcon_core.environment:create_file_with_runtime_dependencies(/home/ubuntu/ws/src/install/bme_gazebo_sensors1/share/colcon-core/packages/bme_gazebo_sensors1)
[0.429s] DEBUG:colcon.colcon_core.event_handler.log_command:Invoked command in '/home/ubuntu/ws/src/build/custom_message' returned '0': CMAKE_PREFIX_PATH=${CMAKE_PREFIX_PATH}:/home/ubuntu/ws/src/install/assignment2_rt:/opt/ros/jazzy /usr/bin/cmake --build /home/ubuntu/ws/src/build/custom_message -- -j22 -l22
[0.429s] DEBUG:colcon.colcon_core.event_handler.log_command:Invoking command in '/home/ubuntu/ws/src/build/custom_message': CMAKE_PREFIX_PATH=${CMAKE_PREFIX_PATH}:/home/ubuntu/ws/src/install/assignment2_rt:/opt/ros/jazzy /usr/bin/cmake --install /home/ubuntu/ws/src/build/custom_message
[0.476s] Level 1:colcon.colcon_core.environment:create_environment_scripts_only(custom_message)
[0.476s] Level 1:colcon.colcon_core.environment:checking '/home/ubuntu/ws/src/install/custom_message' for CMake module files
[0.476s] DEBUG:colcon.colcon_core.event_handler.log_command:Invoked command in '/home/ubuntu/ws/src/build/custom_message' returned '0': CMAKE_PREFIX_PATH=${CMAKE_PREFIX_PATH}:/home/ubuntu/ws/src/install/assignment2_rt:/opt/ros/jazzy /usr/bin/cmake --install /home/ubuntu/ws/src/build/custom_message
[0.477s] Level 1:colcon.colcon_core.environment:checking '/home/ubuntu/ws/src/install/custom_message' for CMake config files
[0.477s] Level 1:colcon.colcon_core.shell:create_environment_hook('custom_message', 'cmake_prefix_path')
[0.477s] INFO:colcon.colcon_core.shell:Creating environment hook '/home/ubuntu/ws/src/install/custom_message/share/custom_message/hook/cmake_prefix_path.ps1'
[0.478s] INFO:colcon.colcon_core.shell:Creating environment descriptor '/home/ubuntu/ws/src/install/custom_message/share/custom_message/hook/cmake_prefix_path.dsv'
[0.478s] INFO:colcon.colcon_core.shell:Creating environment hook '/home/ubuntu/ws/src/install/custom_message/share/custom_message/hook/cmake_prefix_path.sh'
[0.478s] Level 1:colcon.colcon_core.environment:checking '/home/ubuntu/ws/src/install/custom_message/lib'
[0.479s] Level 1:colcon.colcon_core.shell:create_environment_hook('custom_message', 'ld_library_path_lib')
[0.479s] INFO:colcon.colcon_core.shell:Creating environment hook '/home/ubuntu/ws/src/install/custom_message/share/custom_message/hook/ld_library_path_lib.ps1'
[0.479s] INFO:colcon.colcon_core.shell:Creating environment descriptor '/home/ubuntu/ws/src/install/custom_message/share/custom_message/hook/ld_library_path_lib.dsv'
[0.479s] INFO:colcon.colcon_core.shell:Creating environment hook '/home/ubuntu/ws/src/install/custom_message/share/custom_message/hook/ld_library_path_lib.sh'
[0.479s] Level 1:colcon.colcon_core.environment:checking '/home/ubuntu/ws/src/install/custom_message/bin'
[0.480s] Level 1:colcon.colcon_core.environment:checking '/home/ubuntu/ws/src/install/custom_message/lib/pkgconfig/custom_message.pc'
[0.480s] Level 1:colcon.colcon_core.environment:checking '/home/ubuntu/ws/src/install/custom_message/lib/python3.12/site-packages'
[0.480s] Level 1:colcon.colcon_core.shell:create_environment_hook('custom_message', 'pythonpath')
[0.480s] INFO:colcon.colcon_core.shell:Creating environment hook '/home/ubuntu/ws/src/install/custom_message/share/custom_message/hook/pythonpath.ps1'
[0.480s] INFO:colcon.colcon_core.shell:Creating environment descriptor '/home/ubuntu/ws/src/install/custom_message/share/custom_message/hook/pythonpath.dsv'
[0.481s] INFO:colcon.colcon_core.shell:Creating environment hook '/home/ubuntu/ws/src/install/custom_message/share/custom_message/hook/pythonpath.sh'
[0.481s] Level 1:colcon.colcon_core.environment:checking '/home/ubuntu/ws/src/install/custom_message/bin'
[0.481s] INFO:colcon.colcon_core.shell:Creating package script '/home/ubuntu/ws/src/install/custom_message/share/custom_message/package.ps1'
[0.482s] INFO:colcon.colcon_core.shell:Creating package descriptor '/home/ubuntu/ws/src/install/custom_message/share/custom_message/package.dsv'
[0.482s] INFO:colcon.colcon_core.shell:Creating package script '/home/ubuntu/ws/src/install/custom_message/share/custom_message/package.sh'
[0.482s] INFO:colcon.colcon_core.shell:Creating package script '/home/ubuntu/ws/src/install/custom_message/share/custom_message/package.bash'
[0.483s] INFO:colcon.colcon_core.shell:Creating package script '/home/ubuntu/ws/src/install/custom_message/share/custom_message/package.zsh'
[0.483s] Level 1:colcon.colcon_core.environment:create_file_with_runtime_dependencies(/home/ubuntu/ws/src/install/custom_message/share/colcon-core/packages/custom_message)
[0.483s] Level 1:colcon.colcon_core.environment:create_environment_scripts_only(custom_message)
[0.483s] Level 1:colcon.colcon_core.environment:checking '/home/ubuntu/ws/src/install/custom_message' for CMake module files
[0.484s] Level 1:colcon.colcon_core.environment:checking '/home/ubuntu/ws/src/install/custom_message' for CMake config files
[0.484s] Level 1:colcon.colcon_core.shell:create_environment_hook('custom_message', 'cmake_prefix_path')
[0.484s] INFO:colcon.colcon_core.shell:Creating environment hook '/home/ubuntu/ws/src/install/custom_message/share/custom_message/hook/cmake_prefix_path.ps1'
[0.484s] INFO:colcon.colcon_core.shell:Creating environment descriptor '/home/ubuntu/ws/src/install/custom_message/share/custom_message/hook/cmake_prefix_path.dsv'
[0.484s] INFO:colcon.colcon_core.shell:Creating environment hook '/home/ubuntu/ws/src/install/custom_message/share/custom_message/hook/cmake_prefix_path.sh'
[0.485s] Level 1:colcon.colcon_core.environment:checking '/home/ubuntu/ws/src/install/custom_message/lib'
[0.485s] Level 1:colcon.colcon_core.shell:create_environment_hook('custom_message', 'ld_library_path_lib')
[0.485s] INFO:colcon.colcon_core.shell:Creating environment hook '/home/ubuntu/ws/src/install/custom_message/share/custom_message/hook/ld_library_path_lib.ps1'
[0.485s] INFO:colcon.colcon_core.shell:Creating environment descriptor '/home/ubuntu/ws/src/install/custom_message/share/custom_message/hook/ld_library_path_lib.dsv'
[0.485s] INFO:colcon.colcon_core.shell:Creating environment hook '/home/ubuntu/ws/src/install/custom_message/share/custom_message/hook/ld_library_path_lib.sh'
[0.486s] Level 1:colcon.colcon_core.environment:checking '/home/ubuntu/ws/src/install/custom_message/bin'
[0.486s] Level 1:colcon.colcon_core.environment:checking '/home/ubuntu/ws/src/install/custom_message/lib/pkgconfig/custom_message.pc'
[0.486s] Level 1:colcon.colcon_core.environment:checking '/home/ubuntu/ws/src/install/custom_message/lib/python3.12/site-packages'
[0.486s] Level 1:colcon.colcon_core.shell:create_environment_hook('custom_message', 'pythonpath')
[0.486s] INFO:colcon.colcon_core.shell:Creating environment hook '/home/ubuntu/ws/src/install/custom_message/share/custom_message/hook/pythonpath.ps1'
[0.486s] INFO:colcon.colcon_core.shell:Creating environment descriptor '/home/ubuntu/ws/src/install/custom_message/share/custom_message/hook/pythonpath.dsv'
[0.487s] INFO:colcon.colcon_core.shell:Creating environment hook '/home/ubuntu/ws/src/install/custom_message/share/custom_message/hook/pythonpath.sh'
[0.487s] Level 1:colcon.colcon_core.environment:checking '/home/ubuntu/ws/src/install/custom_message/bin'
[0.487s] INFO:colcon.colcon_core.shell:Creating package script '/home/ubuntu/ws/src/install/custom_message/share/custom_message/package.ps1'
[0.487s] INFO:colcon.colcon_core.shell:Creating package descriptor '/home/ubuntu/ws/src/install/custom_message/share/custom_message/package.dsv'
[0.488s] INFO:colcon.colcon_core.shell:Creating package script '/home/ubuntu/ws/src/install/custom_message/share/custom_message/package.sh'
[0.488s] INFO:colcon.colcon_core.shell:Creating package script '/home/ubuntu/ws/src/install/custom_message/share/custom_message/package.bash'
[0.488s] INFO:colcon.colcon_core.shell:Creating package script '/home/ubuntu/ws/src/install/custom_message/share/custom_message/package.zsh'
[0.489s] Level 1:colcon.colcon_core.environment:create_file_with_runtime_dependencies(/home/ubuntu/ws/src/install/custom_message/share/colcon-core/packages/custom_message)
[0.489s] INFO:colcon.colcon_ros.task.ament_python.build:Building ROS package in '/home/ubuntu/ws/src/assignment2_rt' with build type 'ament_python'
[0.489s] Level 1:colcon.colcon_core.shell:create_environment_hook('assignment2_rt', 'ament_prefix_path')
[0.489s] INFO:colcon.colcon_core.shell:Creating environment hook '/home/ubuntu/ws/src/install/assignment2_rt/share/assignment2_rt/hook/ament_prefix_path.ps1'
[0.490s] INFO:colcon.colcon_core.shell:Creating environment descriptor '/home/ubuntu/ws/src/install/assignment2_rt/share/assignment2_rt/hook/ament_prefix_path.dsv'
[0.490s] INFO:colcon.colcon_core.shell:Creating environment hook '/home/ubuntu/ws/src/install/assignment2_rt/share/assignment2_rt/hook/ament_prefix_path.sh'
[0.491s] INFO:colcon.colcon_core.shell:Skip shell extension 'powershell' for command environment: Not usable outside of PowerShell
[0.491s] DEBUG:colcon.colcon_core.shell:Skip shell extension 'dsv' for command environment
[0.629s] INFO:colcon.colcon_core.task.python.build:Building Python package in '/home/ubuntu/ws/src/assignment2_rt'
[0.629s] INFO:colcon.colcon_core.shell:Skip shell extension 'powershell' for command environment: Not usable outside of PowerShell
[0.629s] DEBUG:colcon.colcon_core.shell:Skip shell extension 'dsv' for command environment
[0.976s] DEBUG:colcon.colcon_core.event_handler.log_command:Invoking command in '/home/ubuntu/ws/src/assignment2_rt': PYTHONPATH=/home/ubuntu/ws/src/build/assignment2_rt/prefix_override:/usr/lib/python3/dist-packages/colcon_core/task/python/colcon_distutils_commands:/home/ubuntu/ws/src/install/assignment2_rt/lib/python3.12/site-packages:/home/ubuntu/ws/src/install/custom_message/lib/python3.12/site-packages:/home/ubuntu/ws/src/install/assignment2_rt/lib/python3.12/site-packages:/opt/ros/jazzy/lib/python3.12/site-packages /usr/bin/python3 -W ignore:setup.py install is deprecated -W ignore:easy_install command is deprecated setup.py egg_info --egg-base ../build/assignment2_rt build --build-base /home/ubuntu/ws/src/build/assignment2_rt/build install --record /home/ubuntu/ws/src/build/assignment2_rt/install.log --single-version-externally-managed install_data
[1.295s] Level 1:colcon.colcon_core.environment:checking '/home/ubuntu/ws/src/install/assignment2_rt' for CMake module files
[1.296s] DEBUG:colcon.colcon_core.event_handler.log_command:Invoked command in '/home/ubuntu/ws/src/assignment2_rt' returned '0': PYTHONPATH=/home/ubuntu/ws/src/build/assignment2_rt/prefix_override:/usr/lib/python3/dist-packages/colcon_core/task/python/colcon_distutils_commands:/home/ubuntu/ws/src/install/assignment2_rt/lib/python3.12/site-packages:/home/ubuntu/ws/src/install/custom_message/lib/python3.12/site-packages:/home/ubuntu/ws/src/install/assignment2_rt/lib/python3.12/site-packages:/opt/ros/jazzy/lib/python3.12/site-packages /usr/bin/python3 -W ignore:setup.py install is deprecated -W ignore:easy_install command is deprecated setup.py egg_info --egg-base ../build/assignment2_rt build --build-base /home/ubuntu/ws/src/build/assignment2_rt/build install --record /home/ubuntu/ws/src/build/assignment2_rt/install.log --single-version-externally-managed install_data
[1.296s] Level 1:colcon.colcon_core.environment:checking '/home/ubuntu/ws/src/install/assignment2_rt' for CMake config files
[1.297s] Level 1:colcon.colcon_core.environment:checking '/home/ubuntu/ws/src/install/assignment2_rt/lib'
[1.297s] Level 1:colcon.colcon_core.environment:checking '/home/ubuntu/ws/src/install/assignment2_rt/bin'
[1.297s] Level 1:colcon.colcon_core.environment:checking '/home/ubuntu/ws/src/install/assignment2_rt/lib/pkgconfig/assignment2_rt.pc'
[1.297s] Level 1:colcon.colcon_core.environment:checking '/home/ubuntu/ws/src/install/assignment2_rt/lib/python3.12/site-packages'
[1.297s] Level 1:colcon.colcon_core.shell:create_environment_hook('assignment2_rt', 'pythonpath')
[1.297s] INFO:colcon.colcon_core.shell:Creating environment hook '/home/ubuntu/ws/src/install/assignment2_rt/share/assignment2_rt/hook/pythonpath.ps1'
[1.297s] INFO:colcon.colcon_core.shell:Creating environment descriptor '/home/ubuntu/ws/src/install/assignment2_rt/share/assignment2_rt/hook/pythonpath.dsv'
[1.298s] INFO:colcon.colcon_core.shell:Creating environment hook '/home/ubuntu/ws/src/install/assignment2_rt/share/assignment2_rt/hook/pythonpath.sh'
[1.298s] Level 1:colcon.colcon_core.environment:checking '/home/ubuntu/ws/src/install/assignment2_rt/bin'
[1.298s] Level 1:colcon.colcon_core.environment:create_environment_scripts_only(assignment2_rt)
[1.298s] INFO:colcon.colcon_core.shell:Creating package script '/home/ubuntu/ws/src/install/assignment2_rt/share/assignment2_rt/package.ps1'
[1.299s] INFO:colcon.colcon_core.shell:Creating package descriptor '/home/ubuntu/ws/src/install/assignment2_rt/share/assignment2_rt/package.dsv'
[1.299s] INFO:colcon.colcon_core.shell:Creating package script '/home/ubuntu/ws/src/install/assignment2_rt/share/assignment2_rt/package.sh'
[1.299s] INFO:colcon.colcon_core.shell:Creating package script '/home/ubuntu/ws/src/install/assignment2_rt/share/assignment2_rt/package.bash'
[1.300s] INFO:colcon.colcon_core.shell:Creating package script '/home/ubuntu/ws/src/install/assignment2_rt/share/assignment2_rt/package.zsh'
[1.300s] Level 1:colcon.colcon_core.environment:create_file_with_runtime_dependencies(/home/ubuntu/ws/src/install/assignment2_rt/share/colcon-core/packages/assignment2_rt)
[1.300s] DEBUG:colcon.colcon_parallel_executor.executor.parallel:closing loop
[1.300s] DEBUG:colcon.colcon_parallel_executor.executor.parallel:loop closed
[1.301s] DEBUG:colcon.colcon_parallel_executor.executor.parallel:run_until_complete finished with '0'
[1.301s] DEBUG:colcon.colcon_core.event_reactor:joining thread
[1.305s] INFO:colcon.colcon_core.plugin_system:Skipping extension 'colcon_notification.desktop_notification.notify_send': Could not find 'notify-send'
[1.305s] INFO:colcon.colcon_core.plugin_system:Skipping extension 'colcon_notification.desktop_notification.terminal_notifier': Not used on non-Darwin systems
[1.305s] INFO:colcon.colcon_core.plugin_system:Skipping extension 'colcon_notification.desktop_notification.win32': Not used on non-Windows systems
[1.305s] INFO:colcon.colcon_notification.desktop_notification:Sending desktop notification using 'notify2'
[1.307s] DEBUG:colcon.colcon_notification.desktop_notification.notify2:Failed to initialize notify2: org.freedesktop.DBus.Error.Spawn.ExecFailed: /usr/bin/dbus-launch terminated abnormally without any error message
[1.307s] DEBUG:colcon.colcon_core.event_reactor:joined thread
[1.307s] INFO:colcon.colcon_core.shell:Creating prefix script '/home/ubuntu/ws/src/install/local_setup.ps1'
[1.308s] INFO:colcon.colcon_core.shell:Creating prefix util module '/home/ubuntu/ws/src/install/_local_setup_util_ps1.py'
[1.309s] INFO:colcon.colcon_core.shell:Creating prefix chain script '/home/ubuntu/ws/src/install/setup.ps1'
[1.310s] INFO:colcon.colcon_core.shell:Creating prefix script '/home/ubuntu/ws/src/install/local_setup.sh'
[1.310s] INFO:colcon.colcon_core.shell:Creating prefix util module '/home/ubuntu/ws/src/install/_local_setup_util_sh.py'
[1.310s] INFO:colcon.colcon_core.shell:Creating prefix chain script '/home/ubuntu/ws/src/install/setup.sh'
[1.311s] INFO:colcon.colcon_core.shell:Creating prefix script '/home/ubuntu/ws/src/install/local_setup.bash'
[1.311s] INFO:colcon.colcon_core.shell:Creating prefix chain script '/home/ubuntu/ws/src/install/setup.bash'
[1.312s] INFO:colcon.colcon_core.shell:Creating prefix script '/home/ubuntu/ws/src/install/local_setup.zsh'
[1.312s] INFO:colcon.colcon_core.shell:Creating prefix chain script '/home/ubuntu/ws/src/install/setup.zsh'
