[0.011s] Invoking command in '/home/ubuntu/ws/src/build/bme_gazebo_sensors1': CMAKE_PREFIX_PATH=${CMAKE_PREFIX_PATH}:/home/ubuntu/ws/src/install/assignment2_rt:/opt/ros/jazzy /usr/bin/cmake --build /home/ubuntu/ws/src/build/bme_gazebo_sensors1 -- -j22 -l22
[0.073s] Invoked command in '/home/ubuntu/ws/src/build/bme_gazebo_sensors1' returned '0': CMAKE_PREFIX_PATH=${CMAKE_PREFIX_PATH}:/home/ubuntu/ws/src/install/assignment2_rt:/opt/ros/jazzy /usr/bin/cmake --build /home/ubuntu/ws/src/build/bme_gazebo_sensors1 -- -j22 -l22
[0.082s] Invoking command in '/home/ubuntu/ws/src/build/bme_gazebo_sensors1': CMAKE_PREFIX_PATH=${CMAKE_PREFIX_PATH}:/home/ubuntu/ws/src/install/assignment2_rt:/opt/ros/jazzy /usr/bin/cmake --install /home/ubuntu/ws/src/build/bme_gazebo_sensors1
[0.090s] -- Install configuration: ""
[0.091s] -- Up-to-date: /home/ubuntu/ws/src/install/bme_gazebo_sensors1/share/bme_gazebo_sensors1/launch
[0.091s] -- Up-to-date: /home/ubuntu/ws/src/install/bme_gazebo_sensors1/share/bme_gazebo_sensors1/launch/spawn_robot.launch.py
[0.091s] -- Up-to-date: /home/ubuntu/ws/src/install/bme_gazebo_sensors1/share/bme_gazebo_sensors1/launch/world.launch.py
[0.091s] -- Up-to-date: /home/ubuntu/ws/src/install/bme_gazebo_sensors1/share/bme_gazebo_sensors1/worlds
[0.092s] -- Up-to-date: /home/ubuntu/ws/src/install/bme_gazebo_sensors1/share/bme_gazebo_sensors1/worlds/my.sdf
[0.092s] -- Up-to-date: /home/ubuntu/ws/src/install/bme_gazebo_sensors1/share/bme_gazebo_sensors1/worlds/home.sdf
[0.092s] -- Up-to-date: /home/ubuntu/ws/src/install/bme_gazebo_sensors1/share/bme_gazebo_sensors1/worlds/my_world.sdf
[0.092s] -- Up-to-date: /home/ubuntu/ws/src/install/bme_gazebo_sensors1/share/bme_gazebo_sensors1/worlds/world.sdf
[0.092s] -- Up-to-date: /home/ubuntu/ws/src/install/bme_gazebo_sensors1/share/bme_gazebo_sensors1/rviz
[0.092s] -- Up-to-date: /home/ubuntu/ws/src/install/bme_gazebo_sensors1/share/bme_gazebo_sensors1/rviz/gps.rviz
[0.092s] -- Up-to-date: /home/ubuntu/ws/src/install/bme_gazebo_sensors1/share/bme_gazebo_sensors1/rviz/urdf.rviz
[0.093s] -- Up-to-date: /home/ubuntu/ws/src/install/bme_gazebo_sensors1/share/bme_gazebo_sensors1/rviz/rviz.rviz
[0.093s] -- Up-to-date: /home/ubuntu/ws/src/install/bme_gazebo_sensors1/share/bme_gazebo_sensors1/urdf
[0.093s] -- Up-to-date: /home/ubuntu/ws/src/install/bme_gazebo_sensors1/share/bme_gazebo_sensors1/urdf/mogi_bot.gazebo
[0.093s] -- Up-to-date: /home/ubuntu/ws/src/install/bme_gazebo_sensors1/share/bme_gazebo_sensors1/urdf/materials.xacro
[0.093s] -- Up-to-date: /home/ubuntu/ws/src/install/bme_gazebo_sensors1/share/bme_gazebo_sensors1/urdf/mogi_bot.urdf
[0.093s] -- Up-to-date: /home/ubuntu/ws/src/install/bme_gazebo_sensors1/share/bme_gazebo_sensors1/meshes
[0.093s] -- Up-to-date: /home/ubuntu/ws/src/install/bme_gazebo_sensors1/share/bme_gazebo_sensors1/meshes/lidar.dae
[0.093s] -- Up-to-date: /home/ubuntu/ws/src/install/bme_gazebo_sensors1/share/bme_gazebo_sensors1/meshes/wheel.dae
[0.093s] -- Up-to-date: /home/ubuntu/ws/src/install/bme_gazebo_sensors1/share/bme_gazebo_sensors1/meshes/mogi_bot.dae
[0.093s] -- Up-to-date: /home/ubuntu/ws/src/install/bme_gazebo_sensors1/share/bme_gazebo_sensors1/config
[0.093s] -- Up-to-date: /home/ubuntu/ws/src/install/bme_gazebo_sensors1/share/bme_gazebo_sensors1/config/ekf.yaml
[0.093s] -- Up-to-date: /home/ubuntu/ws/src/install/bme_gazebo_sensors1/share/ament_index/resource_index/package_run_dependencies/bme_gazebo_sensors1
[0.094s] -- Up-to-date: /home/ubuntu/ws/src/install/bme_gazebo_sensors1/share/ament_index/resource_index/parent_prefix_path/bme_gazebo_sensors1
[0.094s] -- Up-to-date: /home/ubuntu/ws/src/install/bme_gazebo_sensors1/share/bme_gazebo_sensors1/environment/ament_prefix_path.sh
[0.094s] -- Up-to-date: /home/ubuntu/ws/src/install/bme_gazebo_sensors1/share/bme_gazebo_sensors1/environment/ament_prefix_path.dsv
[0.094s] -- Up-to-date: /home/ubuntu/ws/src/install/bme_gazebo_sensors1/share/bme_gazebo_sensors1/environment/path.sh
[0.094s] -- Up-to-date: /home/ubuntu/ws/src/install/bme_gazebo_sensors1/share/bme_gazebo_sensors1/environment/path.dsv
[0.094s] -- Up-to-date: /home/ubuntu/ws/src/install/bme_gazebo_sensors1/share/bme_gazebo_sensors1/local_setup.bash
[0.094s] -- Up-to-date: /home/ubuntu/ws/src/install/bme_gazebo_sensors1/share/bme_gazebo_sensors1/local_setup.sh
[0.095s] -- Up-to-date: /home/ubuntu/ws/src/install/bme_gazebo_sensors1/share/bme_gazebo_sensors1/local_setup.zsh
[0.095s] -- Up-to-date: /home/ubuntu/ws/src/install/bme_gazebo_sensors1/share/bme_gazebo_sensors1/local_setup.dsv
[0.095s] -- Up-to-date: /home/ubuntu/ws/src/install/bme_gazebo_sensors1/share/bme_gazebo_sensors1/package.dsv
[0.095s] -- Up-to-date: /home/ubuntu/ws/src/install/bme_gazebo_sensors1/share/ament_index/resource_index/packages/bme_gazebo_sensors1
[0.096s] -- Up-to-date: /home/ubuntu/ws/src/install/bme_gazebo_sensors1/share/bme_gazebo_sensors1/cmake/bme_gazebo_sensors1Config.cmake
[0.096s] -- Up-to-date: /home/ubuntu/ws/src/install/bme_gazebo_sensors1/share/bme_gazebo_sensors1/cmake/bme_gazebo_sensors1Config-version.cmake
[0.096s] -- Up-to-date: /home/ubuntu/ws/src/install/bme_gazebo_sensors1/share/bme_gazebo_sensors1/package.xml
[0.097s] Invoked command in '/home/ubuntu/ws/src/build/bme_gazebo_sensors1' returned '0': CMAKE_PREFIX_PATH=${CMAKE_PREFIX_PATH}:/home/ubuntu/ws/src/install/assignment2_rt:/opt/ros/jazzy /usr/bin/cmake --install /home/ubuntu/ws/src/build/bme_gazebo_sensors1
