/home/ubuntu/ws/src/install/assignment2_rt/lib/python3.12/site-packages/assignment2_rt/move_robot.py
/home/ubuntu/ws/src/install/assignment2_rt/lib/python3.12/site-packages/assignment2_rt/average_server.py
/home/ubuntu/ws/src/install/assignment2_rt/lib/python3.12/site-packages/assignment2_rt/control.py
/home/ubuntu/ws/src/install/assignment2_rt/lib/python3.12/site-packages/assignment2_rt/__init__.py
/home/ubuntu/ws/src/install/assignment2_rt/lib/python3.12/site-packages/assignment2_rt/fixpoint_server.py
/home/ubuntu/ws/src/install/assignment2_rt/lib/python3.12/site-packages/assignment2_rt/threshold_service.py
/home/ubuntu/ws/src/install/assignment2_rt/lib/python3.12/site-packages/assignment2_rt/__pycache__/move_robot.cpython-312.pyc
/home/ubuntu/ws/src/install/assignment2_rt/lib/python3.12/site-packages/assignment2_rt/__pycache__/average_server.cpython-312.pyc
/home/ubuntu/ws/src/install/assignment2_rt/lib/python3.12/site-packages/assignment2_rt/__pycache__/control.cpython-312.pyc
/home/ubuntu/ws/src/install/assignment2_rt/lib/python3.12/site-packages/assignment2_rt/__pycache__/__init__.cpython-312.pyc
/home/ubuntu/ws/src/install/assignment2_rt/lib/python3.12/site-packages/assignment2_rt/__pycache__/fixpoint_server.cpython-312.pyc
/home/ubuntu/ws/src/install/assignment2_rt/lib/python3.12/site-packages/assignment2_rt/__pycache__/threshold_service.cpython-312.pyc
/home/ubuntu/ws/src/install/assignment2_rt/share/ament_index/resource_index/packages/assignment2_rt
/home/ubuntu/ws/src/install/assignment2_rt/share/assignment2_rt/package.xml
/home/ubuntu/ws/src/install/assignment2_rt/share/assignment2_rt/launch/launch.py
/home/ubuntu/ws/src/install/assignment2_rt/lib/python3.12/site-packages/assignment2_rt-0.0.0-py3.12.egg-info/PKG-INFO
/home/ubuntu/ws/src/install/assignment2_rt/lib/python3.12/site-packages/assignment2_rt-0.0.0-py3.12.egg-info/SOURCES.txt
/home/ubuntu/ws/src/install/assignment2_rt/lib/python3.12/site-packages/assignment2_rt-0.0.0-py3.12.egg-info/dependency_links.txt
/home/ubuntu/ws/src/install/assignment2_rt/lib/python3.12/site-packages/assignment2_rt-0.0.0-py3.12.egg-info/requires.txt
/home/ubuntu/ws/src/install/assignment2_rt/lib/python3.12/site-packages/assignment2_rt-0.0.0-py3.12.egg-info/zip-safe
/home/ubuntu/ws/src/install/assignment2_rt/lib/python3.12/site-packages/assignment2_rt-0.0.0-py3.12.egg-info/top_level.txt
/home/ubuntu/ws/src/install/assignment2_rt/lib/python3.12/site-packages/assignment2_rt-0.0.0-py3.12.egg-info/entry_points.txt
/home/ubuntu/ws/src/install/assignment2_rt/lib/assignment2_rt/average_server
/home/ubuntu/ws/src/install/assignment2_rt/lib/assignment2_rt/control
/home/ubuntu/ws/src/install/assignment2_rt/lib/assignment2_rt/fixpoint_server
/home/ubuntu/ws/src/install/assignment2_rt/lib/assignment2_rt/move_robot
/home/ubuntu/ws/src/install/assignment2_rt/lib/assignment2_rt/threshold_service
